Archive member included because of file (symbol)

c:/program files (x86)/atmel/avr tools/avr toolchain/bin/../lib/gcc/avr/4.8.1/avr5\libgcc.a(_udivmodqi4.o)
                              ./RTC_PCF8583/rtc_pcf8583.o (__udivmodqi4)
c:/program files (x86)/atmel/avr tools/avr toolchain/bin/../lib/gcc/avr/4.8.1/avr5\libgcc.a(_udivmodhi4.o)
                              ./PVC/pvc.o (__udivmodhi4)
c:/program files (x86)/atmel/avr tools/avr toolchain/bin/../lib/gcc/avr/4.8.1/avr5\libgcc.a(_exit.o)
                              c:/program files (x86)/atmel/avr tools/avr toolchain/bin/../lib/gcc/avr/4.8.1/../../../../avr/lib/avr5/crtm32.o (exit)
c:/program files (x86)/atmel/avr tools/avr toolchain/bin/../lib/gcc/avr/4.8.1/avr5\libgcc.a(_copy_data.o)
                              ./PVC/pvc.o (__do_copy_data)
c:/program files (x86)/atmel/avr tools/avr toolchain/bin/../lib/gcc/avr/4.8.1/avr5\libgcc.a(_clear_bss.o)
                              ./RTC_PCF8583/rtc_pcf8583.o (__do_clear_bss)
c:/program files (x86)/atmel/avr tools/avr toolchain/bin/../lib/gcc/avr/4.8.1/../../../../avr/lib/avr5\libc.a(itoa_ncheck.o)
                              ./RTC_PCF8583/rtc_pcf8583.o (__itoa_ncheck)
c:/program files (x86)/atmel/avr tools/avr toolchain/bin/../lib/gcc/avr/4.8.1/../../../../avr/lib/avr5\libc.a(ltoa_ncheck.o)
                              ./LCD/lcd44780.o (__ltoa_ncheck)
c:/program files (x86)/atmel/avr tools/avr toolchain/bin/../lib/gcc/avr/4.8.1/../../../../avr/lib/avr5\libc.a(ultoa_ncheck.o)
                              c:/program files (x86)/atmel/avr tools/avr toolchain/bin/../lib/gcc/avr/4.8.1/../../../../avr/lib/avr5\libc.a(ltoa_ncheck.o) (__ultoa_common)
c:/program files (x86)/atmel/avr tools/avr toolchain/bin/../lib/gcc/avr/4.8.1/../../../../avr/lib/avr5\libc.a(utoa_ncheck.o)
                              c:/program files (x86)/atmel/avr tools/avr toolchain/bin/../lib/gcc/avr/4.8.1/../../../../avr/lib/avr5\libc.a(itoa_ncheck.o) (__utoa_common)
c:/program files (x86)/atmel/avr tools/avr toolchain/bin/../lib/gcc/avr/4.8.1/../../../../avr/lib/avr5\libc.a(sprintf.o)
                              ./PVC/pvc.o (sprintf)
c:/program files (x86)/atmel/avr tools/avr toolchain/bin/../lib/gcc/avr/4.8.1/../../../../avr/lib/avr5\libc.a(vfprintf_std.o)
                              c:/program files (x86)/atmel/avr tools/avr toolchain/bin/../lib/gcc/avr/4.8.1/../../../../avr/lib/avr5\libc.a(sprintf.o) (vfprintf)
c:/program files (x86)/atmel/avr tools/avr toolchain/bin/../lib/gcc/avr/4.8.1/../../../../avr/lib/avr5\libc.a(eerd_byte_atmega32.o)
                              ./LCD/lcd44780.o (__eerd_byte_m32)
c:/program files (x86)/atmel/avr tools/avr toolchain/bin/../lib/gcc/avr/4.8.1/../../../../avr/lib/avr5\libc.a(strnlen_P.o)
                              c:/program files (x86)/atmel/avr tools/avr toolchain/bin/../lib/gcc/avr/4.8.1/../../../../avr/lib/avr5\libc.a(vfprintf_std.o) (strnlen_P)
c:/program files (x86)/atmel/avr tools/avr toolchain/bin/../lib/gcc/avr/4.8.1/../../../../avr/lib/avr5\libc.a(strnlen.o)
                              c:/program files (x86)/atmel/avr tools/avr toolchain/bin/../lib/gcc/avr/4.8.1/../../../../avr/lib/avr5\libc.a(vfprintf_std.o) (strnlen)
c:/program files (x86)/atmel/avr tools/avr toolchain/bin/../lib/gcc/avr/4.8.1/../../../../avr/lib/avr5\libc.a(strrev.o)
                              c:/program files (x86)/atmel/avr tools/avr toolchain/bin/../lib/gcc/avr/4.8.1/../../../../avr/lib/avr5\libc.a(ultoa_ncheck.o) (strrev)
c:/program files (x86)/atmel/avr tools/avr toolchain/bin/../lib/gcc/avr/4.8.1/../../../../avr/lib/avr5\libc.a(fputc.o)
                              c:/program files (x86)/atmel/avr tools/avr toolchain/bin/../lib/gcc/avr/4.8.1/../../../../avr/lib/avr5\libc.a(vfprintf_std.o) (fputc)
c:/program files (x86)/atmel/avr tools/avr toolchain/bin/../lib/gcc/avr/4.8.1/../../../../avr/lib/avr5\libc.a(ultoa_invert.o)
                              c:/program files (x86)/atmel/avr tools/avr toolchain/bin/../lib/gcc/avr/4.8.1/../../../../avr/lib/avr5\libc.a(vfprintf_std.o) (__ultoa_invert)
c:/program files (x86)/atmel/avr tools/avr toolchain/bin/../lib/gcc/avr/4.8.1/avr5\libgcc.a(_prologue.o)
                              c:/program files (x86)/atmel/avr tools/avr toolchain/bin/../lib/gcc/avr/4.8.1/../../../../avr/lib/avr5\libc.a(sprintf.o) (__prologue_saves__)
c:/program files (x86)/atmel/avr tools/avr toolchain/bin/../lib/gcc/avr/4.8.1/avr5\libgcc.a(_epilogue.o)
                              c:/program files (x86)/atmel/avr tools/avr toolchain/bin/../lib/gcc/avr/4.8.1/../../../../avr/lib/avr5\libc.a(sprintf.o) (__epilogue_restores__)

Allocating common symbols
Common symbol       size              file

licznik_RTC         0x1               ./main.o
toggle_bit          0x1               ./IR_UNI/ir_rc5.o
vol_buf             0x8               ./PVC/pvc.o
address             0x1               ./IR_UNI/ir_rc5.o
input               0x1               ./main.o
command             0x1               ./IR_UNI/ir_rc5.o
last_toggle         0x1               ./IR_UNI/ir_rc5.o
rc5cnt              0x1               ./IR_UNI/ir_rc5.o
Ir_key_press_flag   0x1               ./IR_UNI/ir_rc5.o
key_time            0x1               ./IR_UNI/ir_rc5.o
datetime            0x22              ./RTC_PCF8583/rtc_pcf8583.o
licznik_TIMER0      0x1               ./main.o
vol                 0x1               ./PVC/pvc.o
dioda_flag          0x1               ./main.o
s1_cnt              0x1               ./RTC_PCF8583/rtc_pcf8583.o
Timer1              0x1               ./main.o
int0_flag           0x1               ./RTC_PCF8583/rtc_pcf8583.o

Memory Configuration

Name             Origin             Length             Attributes
text             0x00000000         0x00020000         xr
data             0x00800060         0x0000ffa0         rw !x
eeprom           0x00810000         0x00010000         rw !x
fuse             0x00820000         0x00000400         rw !x
lock             0x00830000         0x00000400         rw !x
signature        0x00840000         0x00000400         rw !x
user_signatures  0x00850000         0x00000400         rw !x
*default*        0x00000000         0xffffffff

Linker script and memory map

LOAD c:/program files (x86)/atmel/avr tools/avr toolchain/bin/../lib/gcc/avr/4.8.1/../../../../avr/lib/avr5/crtm32.o
LOAD ./RTC_PCF8583/rtc_pcf8583.o
LOAD ./PVC/pvc.o
LOAD ./LCD/lcd44780.o
LOAD ./IR_UNI/ir_jvc.o
LOAD ./IR_UNI/ir_rc5.o
LOAD ./IR_UNI/ir_samsung.o
LOAD ./IR_UNI/ir_sony.o
LOAD ./I2C_TWI/i2c_twi.o
LOAD ./common.o
LOAD ./main.o
START GROUP
LOAD c:/program files (x86)/atmel/avr tools/avr toolchain/bin/../lib/gcc/avr/4.8.1/avr5\libgcc.a
LOAD c:/program files (x86)/atmel/avr tools/avr toolchain/bin/../lib/gcc/avr/4.8.1/../../../../avr/lib/avr5\libm.a
LOAD c:/program files (x86)/atmel/avr tools/avr toolchain/bin/../lib/gcc/avr/4.8.1/../../../../avr/lib/avr5\libc.a
END GROUP

.hash
 *(.hash)

.dynsym
 *(.dynsym)

.dynstr
 *(.dynstr)

.gnu.version
 *(.gnu.version)

.gnu.version_d
 *(.gnu.version_d)

.gnu.version_r
 *(.gnu.version_r)

.rel.init
 *(.rel.init)

.rela.init
 *(.rela.init)

.rel.text
 *(.rel.text)
 *(.rel.text.*)
 *(.rel.gnu.linkonce.t*)

.rela.text
 *(.rela.text)
 *(.rela.text.*)
 *(.rela.gnu.linkonce.t*)

.rel.fini
 *(.rel.fini)

.rela.fini
 *(.rela.fini)

.rel.rodata
 *(.rel.rodata)
 *(.rel.rodata.*)
 *(.rel.gnu.linkonce.r*)

.rela.rodata
 *(.rela.rodata)
 *(.rela.rodata.*)
 *(.rela.gnu.linkonce.r*)

.rel.data
 *(.rel.data)
 *(.rel.data.*)
 *(.rel.gnu.linkonce.d*)

.rela.data
 *(.rela.data)
 *(.rela.data.*)
 *(.rela.gnu.linkonce.d*)

.rel.ctors
 *(.rel.ctors)

.rela.ctors
 *(.rela.ctors)

.rel.dtors
 *(.rel.dtors)

.rela.dtors
 *(.rela.dtors)

.rel.got
 *(.rel.got)

.rela.got
 *(.rela.got)

.rel.bss
 *(.rel.bss)

.rela.bss
 *(.rela.bss)

.rel.plt
 *(.rel.plt)

.rela.plt
 *(.rela.plt)

.text           0x00000000     0x15d8
 *(.vectors)
 .vectors       0x00000000       0x54 c:/program files (x86)/atmel/avr tools/avr toolchain/bin/../lib/gcc/avr/4.8.1/../../../../avr/lib/avr5/crtm32.o
                0x00000000                __vector_default
                0x00000000                __vectors
 *(.vectors)
 *(.progmem.gcc*)
                0x00000054                . = ALIGN (0x2)
                0x00000054                __trampolines_start = .
 *(.trampolines)
 .trampolines   0x00000054        0x0 linker stubs
 *(.trampolines*)
                0x00000054                __trampolines_end = .
 *(.progmem*)
 .progmem.data.pvc_vol
                0x00000054       0x60 ./PVC/pvc.o
                0x00000054                pvc_vol
                0x000000b4                . = ALIGN (0x2)
 *(.jumptables)
 *(.jumptables*)
 *(.lowtext)
 *(.lowtext*)
                0x000000b4                __ctors_start = .
 *(.ctors)
                0x000000b4                __ctors_end = .
                0x000000b4                __dtors_start = .
 *(.dtors)
                0x000000b4                __dtors_end = .
 SORT(*)(.ctors)
 SORT(*)(.dtors)
 *(.init0)
 .init0         0x000000b4        0x0 c:/program files (x86)/atmel/avr tools/avr toolchain/bin/../lib/gcc/avr/4.8.1/../../../../avr/lib/avr5/crtm32.o
                0x000000b4                __init
 *(.init0)
 *(.init1)
 *(.init1)
 *(.init2)
 .init2         0x000000b4        0xc c:/program files (x86)/atmel/avr tools/avr toolchain/bin/../lib/gcc/avr/4.8.1/../../../../avr/lib/avr5/crtm32.o
 *(.init2)
 *(.init3)
 *(.init3)
 *(.init4)
 .init4         0x000000c0       0x16 c:/program files (x86)/atmel/avr tools/avr toolchain/bin/../lib/gcc/avr/4.8.1/avr5\libgcc.a(_copy_data.o)
                0x000000c0                __do_copy_data
 .init4         0x000000d6       0x10 c:/program files (x86)/atmel/avr tools/avr toolchain/bin/../lib/gcc/avr/4.8.1/avr5\libgcc.a(_clear_bss.o)
                0x000000d6                __do_clear_bss
 *(.init4)
 *(.init5)
 *(.init5)
 *(.init6)
 *(.init6)
 *(.init7)
 *(.init7)
 *(.init8)
 *(.init8)
 *(.init9)
 .init9         0x000000e6        0x8 c:/program files (x86)/atmel/avr tools/avr toolchain/bin/../lib/gcc/avr/4.8.1/../../../../avr/lib/avr5/crtm32.o
 *(.init9)
 *(.text)
 .text          0x000000ee        0x4 c:/program files (x86)/atmel/avr tools/avr toolchain/bin/../lib/gcc/avr/4.8.1/../../../../avr/lib/avr5/crtm32.o
                0x000000ee                __vector_12
                0x000000ee                __bad_interrupt
                0x000000ee                __vector_3
                0x000000ee                __vector_11
                0x000000ee                __vector_13
                0x000000ee                __vector_17
                0x000000ee                __vector_19
                0x000000ee                __vector_7
                0x000000ee                __vector_5
                0x000000ee                __vector_4
                0x000000ee                __vector_9
                0x000000ee                __vector_2
                0x000000ee                __vector_15
                0x000000ee                __vector_8
                0x000000ee                __vector_14
                0x000000ee                __vector_16
                0x000000ee                __vector_18
                0x000000ee                __vector_20
 .text          0x000000f2        0x0 ./RTC_PCF8583/rtc_pcf8583.o
 .text          0x000000f2        0x0 ./PVC/pvc.o
 .text          0x000000f2        0x0 ./LCD/lcd44780.o
 .text          0x000000f2        0x0 ./IR_UNI/ir_jvc.o
 .text          0x000000f2        0x0 ./IR_UNI/ir_rc5.o
 .text          0x000000f2        0x0 ./IR_UNI/ir_samsung.o
 .text          0x000000f2        0x0 ./IR_UNI/ir_sony.o
 .text          0x000000f2        0x0 ./I2C_TWI/i2c_twi.o
 .text          0x000000f2        0x0 ./common.o
 .text          0x000000f2        0x0 ./main.o
 .text          0x000000f2        0x0 c:/program files (x86)/atmel/avr tools/avr toolchain/bin/../lib/gcc/avr/4.8.1/avr5\libgcc.a(_udivmodqi4.o)
 .text          0x000000f2        0x0 c:/program files (x86)/atmel/avr tools/avr toolchain/bin/../lib/gcc/avr/4.8.1/avr5\libgcc.a(_udivmodhi4.o)
 .text          0x000000f2        0x0 c:/program files (x86)/atmel/avr tools/avr toolchain/bin/../lib/gcc/avr/4.8.1/avr5\libgcc.a(_exit.o)
 .text          0x000000f2        0x0 c:/program files (x86)/atmel/avr tools/avr toolchain/bin/../lib/gcc/avr/4.8.1/avr5\libgcc.a(_copy_data.o)
 .text          0x000000f2        0x0 c:/program files (x86)/atmel/avr tools/avr toolchain/bin/../lib/gcc/avr/4.8.1/avr5\libgcc.a(_clear_bss.o)
 .text          0x000000f2        0x0 c:/program files (x86)/atmel/avr tools/avr toolchain/bin/../lib/gcc/avr/4.8.1/../../../../avr/lib/avr5\libc.a(itoa_ncheck.o)
 .text          0x000000f2        0x0 c:/program files (x86)/atmel/avr tools/avr toolchain/bin/../lib/gcc/avr/4.8.1/../../../../avr/lib/avr5\libc.a(ltoa_ncheck.o)
 .text          0x000000f2        0x0 c:/program files (x86)/atmel/avr tools/avr toolchain/bin/../lib/gcc/avr/4.8.1/../../../../avr/lib/avr5\libc.a(ultoa_ncheck.o)
 .text          0x000000f2        0x0 c:/program files (x86)/atmel/avr tools/avr toolchain/bin/../lib/gcc/avr/4.8.1/../../../../avr/lib/avr5\libc.a(utoa_ncheck.o)
 .text          0x000000f2        0x0 c:/program files (x86)/atmel/avr tools/avr toolchain/bin/../lib/gcc/avr/4.8.1/../../../../avr/lib/avr5\libc.a(sprintf.o)
 .text          0x000000f2        0x0 c:/program files (x86)/atmel/avr tools/avr toolchain/bin/../lib/gcc/avr/4.8.1/../../../../avr/lib/avr5\libc.a(vfprintf_std.o)
 .text          0x000000f2        0x0 c:/program files (x86)/atmel/avr tools/avr toolchain/bin/../lib/gcc/avr/4.8.1/../../../../avr/lib/avr5\libc.a(eerd_byte_atmega32.o)
 .text          0x000000f2        0x0 c:/program files (x86)/atmel/avr tools/avr toolchain/bin/../lib/gcc/avr/4.8.1/../../../../avr/lib/avr5\libc.a(strnlen_P.o)
 .text          0x000000f2        0x0 c:/program files (x86)/atmel/avr tools/avr toolchain/bin/../lib/gcc/avr/4.8.1/../../../../avr/lib/avr5\libc.a(strnlen.o)
 .text          0x000000f2        0x0 c:/program files (x86)/atmel/avr tools/avr toolchain/bin/../lib/gcc/avr/4.8.1/../../../../avr/lib/avr5\libc.a(strrev.o)
 .text          0x000000f2        0x0 c:/program files (x86)/atmel/avr tools/avr toolchain/bin/../lib/gcc/avr/4.8.1/../../../../avr/lib/avr5\libc.a(fputc.o)
 .text          0x000000f2        0x0 c:/program files (x86)/atmel/avr tools/avr toolchain/bin/../lib/gcc/avr/4.8.1/../../../../avr/lib/avr5\libc.a(ultoa_invert.o)
 .text          0x000000f2        0x0 c:/program files (x86)/atmel/avr tools/avr toolchain/bin/../lib/gcc/avr/4.8.1/avr5\libgcc.a(_prologue.o)
 .text          0x000000f2        0x0 c:/program files (x86)/atmel/avr tools/avr toolchain/bin/../lib/gcc/avr/4.8.1/avr5\libgcc.a(_epilogue.o)
                0x000000f2                . = ALIGN (0x2)
 *(.text.*)
 .text.register_rtc_event_callback
                0x000000f2        0xa ./RTC_PCF8583/rtc_pcf8583.o
                0x000000f2                register_rtc_event_callback
 .text.init_rtc
                0x000000fc        0x2 ./RTC_PCF8583/rtc_pcf8583.o
                0x000000fc                init_rtc
 .text.dec2bcd  0x000000fe       0x14 ./RTC_PCF8583/rtc_pcf8583.o
                0x000000fe                dec2bcd
 .text.set_rtc_time
                0x00000112       0x52 ./RTC_PCF8583/rtc_pcf8583.o
                0x00000112                set_rtc_time
 .text.set_rtc_date
                0x00000164       0x70 ./RTC_PCF8583/rtc_pcf8583.o
                0x00000164                set_rtc_date
 .text.set_rtc_datetime
                0x000001d4       0x26 ./RTC_PCF8583/rtc_pcf8583.o
                0x000001d4                set_rtc_datetime
 .text.bcd2dec  0x000001fa       0x12 ./RTC_PCF8583/rtc_pcf8583.o
                0x000001fa                bcd2dec
 .text.get_rtc_datetime
                0x0000020c      0x164 ./RTC_PCF8583/rtc_pcf8583.o
                0x0000020c                get_rtc_datetime
 .text.RTC_EVENT
                0x00000370       0x2c ./RTC_PCF8583/rtc_pcf8583.o
                0x00000370                RTC_EVENT
 .text.__vector_1
                0x0000039c       0x36 ./RTC_PCF8583/rtc_pcf8583.o
                0x0000039c                __vector_1
 .text.get_vol_db
                0x000003d2      0x100 ./PVC/pvc.o
                0x000003d2                get_vol_db
 .text.vol_display
                0x000004d2       0x18 ./PVC/pvc.o
                0x000004d2                vol_display
 .text.set_vol  0x000004ea       0x36 ./PVC/pvc.o
                0x000004ea                set_vol
 .text.data_dir_out
                0x00000520        0xa ./LCD/lcd44780.o
 .text.lcd_sendHalf
                0x0000052a       0x2a ./LCD/lcd44780.o
 .text._lcd_write_byte
                0x00000554       0x30 ./LCD/lcd44780.o
                0x00000554                _lcd_write_byte
 .text.lcd_write_cmd
                0x00000584        0x6 ./LCD/lcd44780.o
                0x00000584                lcd_write_cmd
 .text.lcd_write_data
                0x0000058a        0x6 ./LCD/lcd44780.o
                0x0000058a                lcd_write_data
 .text.lcd_char
                0x00000590        0xe ./LCD/lcd44780.o
                0x00000590                lcd_char
 .text.lcd_str  0x0000059e       0x18 ./LCD/lcd44780.o
                0x0000059e                lcd_str
 .text.lcd_str_P
                0x000005b6       0x1e ./LCD/lcd44780.o
                0x000005b6                lcd_str_P
 .text.lcd_str_E
                0x000005d4       0x22 ./LCD/lcd44780.o
                0x000005d4                lcd_str_E
 .text.lcd_int  0x000005f6       0x36 ./LCD/lcd44780.o
                0x000005f6                lcd_int
 .text.lcd_hex  0x0000062c       0x36 ./LCD/lcd44780.o
                0x0000062c                lcd_hex
 .text.lcd_defchar
                0x00000662       0x54 ./LCD/lcd44780.o
                0x00000662                lcd_defchar
 .text.lcd_defchar_P
                0x000006b6       0x38 ./LCD/lcd44780.o
                0x000006b6                lcd_defchar_P
 .text.lcd_defchar_E
                0x000006ee       0x4c ./LCD/lcd44780.o
                0x000006ee                lcd_defchar_E
 .text.lcd_locate
                0x0000073a       0x1e ./LCD/lcd44780.o
                0x0000073a                lcd_locate
 .text.lcd_cls  0x00000758       0x14 ./LCD/lcd44780.o
                0x00000758                lcd_cls
 .text.lcd_init
                0x0000076c       0x90 ./LCD/lcd44780.o
                0x0000076c                lcd_init
 .text.register_ir_event_callback
                0x000007fc        0xa ./IR_UNI/ir_rc5.o
                0x000007fc                register_ir_event_callback
 .text.IR_EVENT
                0x00000806       0x32 ./IR_UNI/ir_rc5.o
                0x00000806                IR_EVENT
 .text.ir_init  0x00000838       0x16 ./IR_UNI/ir_rc5.o
                0x00000838                ir_init
 .text.__vector_6
                0x0000084e      0x18e ./IR_UNI/ir_rc5.o
                0x0000084e                __vector_6
 .text.i2cSetBitrate
                0x000009dc       0x22 ./I2C_TWI/i2c_twi.o
                0x000009dc                i2cSetBitrate
 .text.TWI_start
                0x000009fe        0xc ./I2C_TWI/i2c_twi.o
                0x000009fe                TWI_start
 .text.TWI_stop
                0x00000a0a        0xc ./I2C_TWI/i2c_twi.o
                0x00000a0a                TWI_stop
 .text.TWI_write
                0x00000a16        0xe ./I2C_TWI/i2c_twi.o
                0x00000a16                TWI_write
 .text.TWI_read
                0x00000a24       0x16 ./I2C_TWI/i2c_twi.o
                0x00000a24                TWI_read
 .text.TWI_write_buf
                0x00000a3a       0x5e ./I2C_TWI/i2c_twi.o
                0x00000a3a                TWI_write_buf
 .text.TWI_read_buf
                0x00000a98       0x72 ./I2C_TWI/i2c_twi.o
                0x00000a98                TWI_read_buf
 .text.TWI_write_int
                0x00000b0a       0x2c ./I2C_TWI/i2c_twi.o
                0x00000b0a                TWI_write_int
 .text.TWI_read_int
                0x00000b36       0x3c ./I2C_TWI/i2c_twi.o
                0x00000b36                TWI_read_int
 .text.ustawienie_TIMER0_w_tryb_CTC
                0x00000b72       0x18 ./common.o
                0x00000b72                ustawienie_TIMER0_w_tryb_CTC
 .text.ustawienie_diod_LED
                0x00000b8a        0x6 ./common.o
                0x00000b8a                ustawienie_diod_LED
 .text.ustawienie_diody_LED_wyswietlacza
                0x00000b90        0x6 ./common.o
                0x00000b90                ustawienie_diody_LED_wyswietlacza
 .text.inicjalizacja_wyswietlacza
                0x00000b96       0x28 ./common.o
                0x00000b96                inicjalizacja_wyswietlacza
 .text.ustawienie_szybkosci_I2C
                0x00000bbe        0x8 ./common.o
                0x00000bbe                ustawienie_szybkosci_I2C
 .text.inicjalizacja_odbiornika_IR
                0x00000bc6        0x4 ./common.o
                0x00000bc6                inicjalizacja_odbiornika_IR
 .text.inicjalizacja_RTC
                0x00000bca        0x4 ./common.o
                0x00000bca                inicjalizacja_RTC
 .text.ustawienia_volume
                0x00000bce        0x4 ./common.o
                0x00000bce                ustawienia_volume
 .text.odblokowanie_przerwan
                0x00000bd2        0x4 ./common.o
                0x00000bd2                odblokowanie_przerwan
 .text.ustawienie_czasu_i_daty
                0x00000bd6        0x2 ./common.o
                0x00000bd6                ustawienie_czasu_i_daty
 .text.dioda    0x00000bd8        0xa ./main.o
                0x00000bd8                dioda
 .text.pokazuj_date_czas
                0x00000be2       0x2a ./main.o
                0x00000be2                pokazuj_date_czas
 .text.set_input
                0x00000c0c       0x88 ./main.o
                0x00000c0c                set_input
 .text.input_press
                0x00000c94       0x14 ./main.o
                0x00000c94                input_press
 .text.main_event_ir
                0x00000ca8      0x12a ./main.o
                0x00000ca8                main_event_ir
 .text.register_dioda_event_callback
                0x00000dd2        0xa ./main.o
                0x00000dd2                register_dioda_event_callback
 .text.__vector_10
                0x00000ddc       0x3a ./main.o
                0x00000ddc                __vector_10
 .text.tekst_TIMER0
                0x00000e16       0x44 ./main.o
                0x00000e16                tekst_TIMER0
 .text.DIODA_EVENT
                0x00000e5a       0x20 ./main.o
                0x00000e5a                DIODA_EVENT
 .text.startup.main
                0x00000e7a       0x58 ./main.o
                0x00000e7a                main
 .text.tekst_RTC
                0x00000ed2       0x44 ./main.o
                0x00000ed2                tekst_RTC
 .text.libgcc.mul
                0x00000f16        0x0 c:/program files (x86)/atmel/avr tools/avr toolchain/bin/../lib/gcc/avr/4.8.1/avr5\libgcc.a(_udivmodqi4.o)
 .text.libgcc.div
                0x00000f16       0x18 c:/program files (x86)/atmel/avr tools/avr toolchain/bin/../lib/gcc/avr/4.8.1/avr5\libgcc.a(_udivmodqi4.o)
                0x00000f16                __udivmodqi4
 .text.libgcc   0x00000f2e        0x0 c:/program files (x86)/atmel/avr tools/avr toolchain/bin/../lib/gcc/avr/4.8.1/avr5\libgcc.a(_udivmodqi4.o)
 .text.libgcc.prologue
                0x00000f2e        0x0 c:/program files (x86)/atmel/avr tools/avr toolchain/bin/../lib/gcc/avr/4.8.1/avr5\libgcc.a(_udivmodqi4.o)
 .text.libgcc.builtins
                0x00000f2e        0x0 c:/program files (x86)/atmel/avr tools/avr toolchain/bin/../lib/gcc/avr/4.8.1/avr5\libgcc.a(_udivmodqi4.o)
 .text.libgcc.fmul
                0x00000f2e        0x0 c:/program files (x86)/atmel/avr tools/avr toolchain/bin/../lib/gcc/avr/4.8.1/avr5\libgcc.a(_udivmodqi4.o)
 .text.libgcc.fixed
                0x00000f2e        0x0 c:/program files (x86)/atmel/avr tools/avr toolchain/bin/../lib/gcc/avr/4.8.1/avr5\libgcc.a(_udivmodqi4.o)
 .text.libgcc.mul
                0x00000f2e        0x0 c:/program files (x86)/atmel/avr tools/avr toolchain/bin/../lib/gcc/avr/4.8.1/avr5\libgcc.a(_udivmodhi4.o)
 .text.libgcc.div
                0x00000f2e       0x28 c:/program files (x86)/atmel/avr tools/avr toolchain/bin/../lib/gcc/avr/4.8.1/avr5\libgcc.a(_udivmodhi4.o)
                0x00000f2e                __udivmodhi4
 .text.libgcc   0x00000f56        0x0 c:/program files (x86)/atmel/avr tools/avr toolchain/bin/../lib/gcc/avr/4.8.1/avr5\libgcc.a(_udivmodhi4.o)
 .text.libgcc.prologue
                0x00000f56        0x0 c:/program files (x86)/atmel/avr tools/avr toolchain/bin/../lib/gcc/avr/4.8.1/avr5\libgcc.a(_udivmodhi4.o)
 .text.libgcc.builtins
                0x00000f56        0x0 c:/program files (x86)/atmel/avr tools/avr toolchain/bin/../lib/gcc/avr/4.8.1/avr5\libgcc.a(_udivmodhi4.o)
 .text.libgcc.fmul
                0x00000f56        0x0 c:/program files (x86)/atmel/avr tools/avr toolchain/bin/../lib/gcc/avr/4.8.1/avr5\libgcc.a(_udivmodhi4.o)
 .text.libgcc.fixed
                0x00000f56        0x0 c:/program files (x86)/atmel/avr tools/avr toolchain/bin/../lib/gcc/avr/4.8.1/avr5\libgcc.a(_udivmodhi4.o)
 .text.libgcc.mul
                0x00000f56        0x0 c:/program files (x86)/atmel/avr tools/avr toolchain/bin/../lib/gcc/avr/4.8.1/avr5\libgcc.a(_exit.o)
 .text.libgcc.div
                0x00000f56        0x0 c:/program files (x86)/atmel/avr tools/avr toolchain/bin/../lib/gcc/avr/4.8.1/avr5\libgcc.a(_exit.o)
 .text.libgcc   0x00000f56        0x0 c:/program files (x86)/atmel/avr tools/avr toolchain/bin/../lib/gcc/avr/4.8.1/avr5\libgcc.a(_exit.o)
 .text.libgcc.prologue
                0x00000f56        0x0 c:/program files (x86)/atmel/avr tools/avr toolchain/bin/../lib/gcc/avr/4.8.1/avr5\libgcc.a(_exit.o)
 .text.libgcc.builtins
                0x00000f56        0x0 c:/program files (x86)/atmel/avr tools/avr toolchain/bin/../lib/gcc/avr/4.8.1/avr5\libgcc.a(_exit.o)
 .text.libgcc.fmul
                0x00000f56        0x0 c:/program files (x86)/atmel/avr tools/avr toolchain/bin/../lib/gcc/avr/4.8.1/avr5\libgcc.a(_exit.o)
 .text.libgcc.fixed
                0x00000f56        0x0 c:/program files (x86)/atmel/avr tools/avr toolchain/bin/../lib/gcc/avr/4.8.1/avr5\libgcc.a(_exit.o)
 .text.libgcc.mul
                0x00000f56        0x0 c:/program files (x86)/atmel/avr tools/avr toolchain/bin/../lib/gcc/avr/4.8.1/avr5\libgcc.a(_copy_data.o)
 .text.libgcc.div
                0x00000f56        0x0 c:/program files (x86)/atmel/avr tools/avr toolchain/bin/../lib/gcc/avr/4.8.1/avr5\libgcc.a(_copy_data.o)
 .text.libgcc   0x00000f56        0x0 c:/program files (x86)/atmel/avr tools/avr toolchain/bin/../lib/gcc/avr/4.8.1/avr5\libgcc.a(_copy_data.o)
 .text.libgcc.prologue
                0x00000f56        0x0 c:/program files (x86)/atmel/avr tools/avr toolchain/bin/../lib/gcc/avr/4.8.1/avr5\libgcc.a(_copy_data.o)
 .text.libgcc.builtins
                0x00000f56        0x0 c:/program files (x86)/atmel/avr tools/avr toolchain/bin/../lib/gcc/avr/4.8.1/avr5\libgcc.a(_copy_data.o)
 .text.libgcc.fmul
                0x00000f56        0x0 c:/program files (x86)/atmel/avr tools/avr toolchain/bin/../lib/gcc/avr/4.8.1/avr5\libgcc.a(_copy_data.o)
 .text.libgcc.fixed
                0x00000f56        0x0 c:/program files (x86)/atmel/avr tools/avr toolchain/bin/../lib/gcc/avr/4.8.1/avr5\libgcc.a(_copy_data.o)
 .text.libgcc.mul
                0x00000f56        0x0 c:/program files (x86)/atmel/avr tools/avr toolchain/bin/../lib/gcc/avr/4.8.1/avr5\libgcc.a(_clear_bss.o)
 .text.libgcc.div
                0x00000f56        0x0 c:/program files (x86)/atmel/avr tools/avr toolchain/bin/../lib/gcc/avr/4.8.1/avr5\libgcc.a(_clear_bss.o)
 .text.libgcc   0x00000f56        0x0 c:/program files (x86)/atmel/avr tools/avr toolchain/bin/../lib/gcc/avr/4.8.1/avr5\libgcc.a(_clear_bss.o)
 .text.libgcc.prologue
                0x00000f56        0x0 c:/program files (x86)/atmel/avr tools/avr toolchain/bin/../lib/gcc/avr/4.8.1/avr5\libgcc.a(_clear_bss.o)
 .text.libgcc.builtins
                0x00000f56        0x0 c:/program files (x86)/atmel/avr tools/avr toolchain/bin/../lib/gcc/avr/4.8.1/avr5\libgcc.a(_clear_bss.o)
 .text.libgcc.fmul
                0x00000f56        0x0 c:/program files (x86)/atmel/avr tools/avr toolchain/bin/../lib/gcc/avr/4.8.1/avr5\libgcc.a(_clear_bss.o)
 .text.libgcc.fixed
                0x00000f56        0x0 c:/program files (x86)/atmel/avr tools/avr toolchain/bin/../lib/gcc/avr/4.8.1/avr5\libgcc.a(_clear_bss.o)
 .text.avr-libc
                0x00000f56       0x16 c:/program files (x86)/atmel/avr tools/avr toolchain/bin/../lib/gcc/avr/4.8.1/../../../../avr/lib/avr5\libc.a(itoa_ncheck.o)
                0x00000f56                __itoa_ncheck
 .text.avr-libc
                0x00000f6c       0x1e c:/program files (x86)/atmel/avr tools/avr toolchain/bin/../lib/gcc/avr/4.8.1/../../../../avr/lib/avr5\libc.a(ltoa_ncheck.o)
                0x00000f6c                __ltoa_ncheck
 .text.avr-libc
                0x00000f8a       0x44 c:/program files (x86)/atmel/avr tools/avr toolchain/bin/../lib/gcc/avr/4.8.1/../../../../avr/lib/avr5\libc.a(ultoa_ncheck.o)
                0x00000f8a                __ultoa_ncheck
                0x00000f8c                __ultoa_common
 .text.avr-libc
                0x00000fce       0x34 c:/program files (x86)/atmel/avr tools/avr toolchain/bin/../lib/gcc/avr/4.8.1/../../../../avr/lib/avr5\libc.a(utoa_ncheck.o)
                0x00000fce                __utoa_ncheck
                0x00000fd0                __utoa_common
 .text.avr-libc
                0x00001002       0x44 c:/program files (x86)/atmel/avr tools/avr toolchain/bin/../lib/gcc/avr/4.8.1/../../../../avr/lib/avr5\libc.a(sprintf.o)
                0x00001002                sprintf
 .text.avr-libc
                0x00001046      0x3a4 c:/program files (x86)/atmel/avr tools/avr toolchain/bin/../lib/gcc/avr/4.8.1/../../../../avr/lib/avr5\libc.a(vfprintf_std.o)
                0x00001046                vfprintf
 .text.avr-libc
                0x000013ea       0x10 c:/program files (x86)/atmel/avr tools/avr toolchain/bin/../lib/gcc/avr/4.8.1/../../../../avr/lib/avr5\libc.a(eerd_byte_atmega32.o)
                0x000013ea                __eerd_byte_m32
 .text.avr-libc
                0x000013fa       0x16 c:/program files (x86)/atmel/avr tools/avr toolchain/bin/../lib/gcc/avr/4.8.1/../../../../avr/lib/avr5\libc.a(strnlen_P.o)
                0x000013fa                strnlen_P
 .text.avr-libc
                0x00001410       0x16 c:/program files (x86)/atmel/avr tools/avr toolchain/bin/../lib/gcc/avr/4.8.1/../../../../avr/lib/avr5\libc.a(strnlen.o)
                0x00001410                strnlen
 .text.avr-libc
                0x00001426       0x20 c:/program files (x86)/atmel/avr tools/avr toolchain/bin/../lib/gcc/avr/4.8.1/../../../../avr/lib/avr5\libc.a(strrev.o)
                0x00001426                strrev
 .text.avr-libc
                0x00001446       0x64 c:/program files (x86)/atmel/avr tools/avr toolchain/bin/../lib/gcc/avr/4.8.1/../../../../avr/lib/avr5\libc.a(fputc.o)
                0x00001446                fputc
 .text.avr-libc
                0x000014aa       0xbc c:/program files (x86)/atmel/avr tools/avr toolchain/bin/../lib/gcc/avr/4.8.1/../../../../avr/lib/avr5\libc.a(ultoa_invert.o)
                0x000014aa                __ultoa_invert
 .text.libgcc.mul
                0x00001566        0x0 c:/program files (x86)/atmel/avr tools/avr toolchain/bin/../lib/gcc/avr/4.8.1/avr5\libgcc.a(_prologue.o)
 .text.libgcc.div
                0x00001566        0x0 c:/program files (x86)/atmel/avr tools/avr toolchain/bin/../lib/gcc/avr/4.8.1/avr5\libgcc.a(_prologue.o)
 .text.libgcc   0x00001566        0x0 c:/program files (x86)/atmel/avr tools/avr toolchain/bin/../lib/gcc/avr/4.8.1/avr5\libgcc.a(_prologue.o)
 .text.libgcc.prologue
                0x00001566       0x38 c:/program files (x86)/atmel/avr tools/avr toolchain/bin/../lib/gcc/avr/4.8.1/avr5\libgcc.a(_prologue.o)
                0x00001566                __prologue_saves__
 .text.libgcc.builtins
                0x0000159e        0x0 c:/program files (x86)/atmel/avr tools/avr toolchain/bin/../lib/gcc/avr/4.8.1/avr5\libgcc.a(_prologue.o)
 .text.libgcc.fmul
                0x0000159e        0x0 c:/program files (x86)/atmel/avr tools/avr toolchain/bin/../lib/gcc/avr/4.8.1/avr5\libgcc.a(_prologue.o)
 .text.libgcc.fixed
                0x0000159e        0x0 c:/program files (x86)/atmel/avr tools/avr toolchain/bin/../lib/gcc/avr/4.8.1/avr5\libgcc.a(_prologue.o)
 .text.libgcc.mul
                0x0000159e        0x0 c:/program files (x86)/atmel/avr tools/avr toolchain/bin/../lib/gcc/avr/4.8.1/avr5\libgcc.a(_epilogue.o)
 .text.libgcc.div
                0x0000159e        0x0 c:/program files (x86)/atmel/avr tools/avr toolchain/bin/../lib/gcc/avr/4.8.1/avr5\libgcc.a(_epilogue.o)
 .text.libgcc   0x0000159e        0x0 c:/program files (x86)/atmel/avr tools/avr toolchain/bin/../lib/gcc/avr/4.8.1/avr5\libgcc.a(_epilogue.o)
 .text.libgcc.prologue
                0x0000159e       0x36 c:/program files (x86)/atmel/avr tools/avr toolchain/bin/../lib/gcc/avr/4.8.1/avr5\libgcc.a(_epilogue.o)
                0x0000159e                __epilogue_restores__
 .text.libgcc.builtins
                0x000015d4        0x0 c:/program files (x86)/atmel/avr tools/avr toolchain/bin/../lib/gcc/avr/4.8.1/avr5\libgcc.a(_epilogue.o)
 .text.libgcc.fmul
                0x000015d4        0x0 c:/program files (x86)/atmel/avr tools/avr toolchain/bin/../lib/gcc/avr/4.8.1/avr5\libgcc.a(_epilogue.o)
 .text.libgcc.fixed
                0x000015d4        0x0 c:/program files (x86)/atmel/avr tools/avr toolchain/bin/../lib/gcc/avr/4.8.1/avr5\libgcc.a(_epilogue.o)
                0x000015d4                . = ALIGN (0x2)
 *(.fini9)
 .fini9         0x000015d4        0x0 c:/program files (x86)/atmel/avr tools/avr toolchain/bin/../lib/gcc/avr/4.8.1/avr5\libgcc.a(_exit.o)
                0x000015d4                _exit
                0x000015d4                exit
 *(.fini9)
 *(.fini8)
 *(.fini8)
 *(.fini7)
 *(.fini7)
 *(.fini6)
 *(.fini6)
 *(.fini5)
 *(.fini5)
 *(.fini4)
 *(.fini4)
 *(.fini3)
 *(.fini3)
 *(.fini2)
 *(.fini2)
 *(.fini1)
 *(.fini1)
 *(.fini0)
 .fini0         0x000015d4        0x4 c:/program files (x86)/atmel/avr tools/avr toolchain/bin/../lib/gcc/avr/4.8.1/avr5\libgcc.a(_exit.o)
 *(.fini0)
                0x000015d8                _etext = .

.data           0x00800060       0x48 load address 0x000015d8
                0x00800060                PROVIDE (__data_start, .)
 *(.data)
 .data          0x00800060        0x0 c:/program files (x86)/atmel/avr tools/avr toolchain/bin/../lib/gcc/avr/4.8.1/../../../../avr/lib/avr5/crtm32.o
 .data          0x00800060        0x0 ./RTC_PCF8583/rtc_pcf8583.o
 .data          0x00800060        0x0 ./PVC/pvc.o
 .data          0x00800060        0x0 ./LCD/lcd44780.o
 .data          0x00800060        0x0 ./IR_UNI/ir_jvc.o
 .data          0x00800060        0x0 ./IR_UNI/ir_rc5.o
 .data          0x00800060        0x0 ./IR_UNI/ir_samsung.o
 .data          0x00800060        0x0 ./IR_UNI/ir_sony.o
 .data          0x00800060        0x0 ./I2C_TWI/i2c_twi.o
 .data          0x00800060        0x0 ./common.o
 .data          0x00800060        0x0 ./main.o
 .data          0x00800060        0x0 c:/program files (x86)/atmel/avr tools/avr toolchain/bin/../lib/gcc/avr/4.8.1/avr5\libgcc.a(_udivmodqi4.o)
 .data          0x00800060        0x0 c:/program files (x86)/atmel/avr tools/avr toolchain/bin/../lib/gcc/avr/4.8.1/avr5\libgcc.a(_udivmodhi4.o)
 .data          0x00800060        0x0 c:/program files (x86)/atmel/avr tools/avr toolchain/bin/../lib/gcc/avr/4.8.1/avr5\libgcc.a(_exit.o)
 .data          0x00800060        0x0 c:/program files (x86)/atmel/avr tools/avr toolchain/bin/../lib/gcc/avr/4.8.1/avr5\libgcc.a(_copy_data.o)
 .data          0x00800060        0x0 c:/program files (x86)/atmel/avr tools/avr toolchain/bin/../lib/gcc/avr/4.8.1/avr5\libgcc.a(_clear_bss.o)
 .data          0x00800060        0x0 c:/program files (x86)/atmel/avr tools/avr toolchain/bin/../lib/gcc/avr/4.8.1/../../../../avr/lib/avr5\libc.a(itoa_ncheck.o)
 .data          0x00800060        0x0 c:/program files (x86)/atmel/avr tools/avr toolchain/bin/../lib/gcc/avr/4.8.1/../../../../avr/lib/avr5\libc.a(ltoa_ncheck.o)
 .data          0x00800060        0x0 c:/program files (x86)/atmel/avr tools/avr toolchain/bin/../lib/gcc/avr/4.8.1/../../../../avr/lib/avr5\libc.a(ultoa_ncheck.o)
 .data          0x00800060        0x0 c:/program files (x86)/atmel/avr tools/avr toolchain/bin/../lib/gcc/avr/4.8.1/../../../../avr/lib/avr5\libc.a(utoa_ncheck.o)
 .data          0x00800060        0x0 c:/program files (x86)/atmel/avr tools/avr toolchain/bin/../lib/gcc/avr/4.8.1/../../../../avr/lib/avr5\libc.a(sprintf.o)
 .data          0x00800060        0x0 c:/program files (x86)/atmel/avr tools/avr toolchain/bin/../lib/gcc/avr/4.8.1/../../../../avr/lib/avr5\libc.a(vfprintf_std.o)
 .data          0x00800060        0x0 c:/program files (x86)/atmel/avr tools/avr toolchain/bin/../lib/gcc/avr/4.8.1/../../../../avr/lib/avr5\libc.a(eerd_byte_atmega32.o)
 .data          0x00800060        0x0 c:/program files (x86)/atmel/avr tools/avr toolchain/bin/../lib/gcc/avr/4.8.1/../../../../avr/lib/avr5\libc.a(strnlen_P.o)
 .data          0x00800060        0x0 c:/program files (x86)/atmel/avr tools/avr toolchain/bin/../lib/gcc/avr/4.8.1/../../../../avr/lib/avr5\libc.a(strnlen.o)
 .data          0x00800060        0x0 c:/program files (x86)/atmel/avr tools/avr toolchain/bin/../lib/gcc/avr/4.8.1/../../../../avr/lib/avr5\libc.a(strrev.o)
 .data          0x00800060        0x0 c:/program files (x86)/atmel/avr tools/avr toolchain/bin/../lib/gcc/avr/4.8.1/../../../../avr/lib/avr5\libc.a(fputc.o)
 .data          0x00800060        0x0 c:/program files (x86)/atmel/avr tools/avr toolchain/bin/../lib/gcc/avr/4.8.1/../../../../avr/lib/avr5\libc.a(ultoa_invert.o)
 .data          0x00800060        0x0 c:/program files (x86)/atmel/avr tools/avr toolchain/bin/../lib/gcc/avr/4.8.1/avr5\libgcc.a(_prologue.o)
 .data          0x00800060        0x0 c:/program files (x86)/atmel/avr tools/avr toolchain/bin/../lib/gcc/avr/4.8.1/avr5\libgcc.a(_epilogue.o)
 *(.data*)
 *(.rodata)
 *(.rodata*)
 .rodata.str1.1
                0x00800060       0x30 ./PVC/pvc.o
 .rodata.str1.1
                0x00800090        0xf ./common.o
 .rodata.str1.1
                0x0080009f        0x8 ./main.o
                                  0xc (size before relaxing)
 *(.gnu.linkonce.d*)
                0x008000a8                . = ALIGN (0x2)
 *fill*         0x008000a7        0x1 
                0x008000a8                _edata = .
                0x008000a8                PROVIDE (__data_end, .)

.bss            0x008000a8       0x45
                0x008000a8                PROVIDE (__bss_start, .)
 *(.bss)
 .bss           0x008000a8        0x0 c:/program files (x86)/atmel/avr tools/avr toolchain/bin/../lib/gcc/avr/4.8.1/../../../../avr/lib/avr5/crtm32.o
 .bss           0x008000a8        0x0 ./RTC_PCF8583/rtc_pcf8583.o
 .bss           0x008000a8        0x0 ./PVC/pvc.o
 .bss           0x008000a8        0x0 ./LCD/lcd44780.o
 .bss           0x008000a8        0x0 ./IR_UNI/ir_jvc.o
 .bss           0x008000a8        0x0 ./IR_UNI/ir_rc5.o
 .bss           0x008000a8        0x0 ./IR_UNI/ir_samsung.o
 .bss           0x008000a8        0x0 ./IR_UNI/ir_sony.o
 .bss           0x008000a8        0x0 ./I2C_TWI/i2c_twi.o
 .bss           0x008000a8        0x0 ./common.o
 .bss           0x008000a8        0x0 ./main.o
 .bss           0x008000a8        0x0 c:/program files (x86)/atmel/avr tools/avr toolchain/bin/../lib/gcc/avr/4.8.1/avr5\libgcc.a(_udivmodqi4.o)
 .bss           0x008000a8        0x0 c:/program files (x86)/atmel/avr tools/avr toolchain/bin/../lib/gcc/avr/4.8.1/avr5\libgcc.a(_udivmodhi4.o)
 .bss           0x008000a8        0x0 c:/program files (x86)/atmel/avr tools/avr toolchain/bin/../lib/gcc/avr/4.8.1/avr5\libgcc.a(_exit.o)
 .bss           0x008000a8        0x0 c:/program files (x86)/atmel/avr tools/avr toolchain/bin/../lib/gcc/avr/4.8.1/avr5\libgcc.a(_copy_data.o)
 .bss           0x008000a8        0x0 c:/program files (x86)/atmel/avr tools/avr toolchain/bin/../lib/gcc/avr/4.8.1/avr5\libgcc.a(_clear_bss.o)
 .bss           0x008000a8        0x0 c:/program files (x86)/atmel/avr tools/avr toolchain/bin/../lib/gcc/avr/4.8.1/../../../../avr/lib/avr5\libc.a(itoa_ncheck.o)
 .bss           0x008000a8        0x0 c:/program files (x86)/atmel/avr tools/avr toolchain/bin/../lib/gcc/avr/4.8.1/../../../../avr/lib/avr5\libc.a(ltoa_ncheck.o)
 .bss           0x008000a8        0x0 c:/program files (x86)/atmel/avr tools/avr toolchain/bin/../lib/gcc/avr/4.8.1/../../../../avr/lib/avr5\libc.a(ultoa_ncheck.o)
 .bss           0x008000a8        0x0 c:/program files (x86)/atmel/avr tools/avr toolchain/bin/../lib/gcc/avr/4.8.1/../../../../avr/lib/avr5\libc.a(utoa_ncheck.o)
 .bss           0x008000a8        0x0 c:/program files (x86)/atmel/avr tools/avr toolchain/bin/../lib/gcc/avr/4.8.1/../../../../avr/lib/avr5\libc.a(sprintf.o)
 .bss           0x008000a8        0x0 c:/program files (x86)/atmel/avr tools/avr toolchain/bin/../lib/gcc/avr/4.8.1/../../../../avr/lib/avr5\libc.a(vfprintf_std.o)
 .bss           0x008000a8        0x0 c:/program files (x86)/atmel/avr tools/avr toolchain/bin/../lib/gcc/avr/4.8.1/../../../../avr/lib/avr5\libc.a(eerd_byte_atmega32.o)
 .bss           0x008000a8        0x0 c:/program files (x86)/atmel/avr tools/avr toolchain/bin/../lib/gcc/avr/4.8.1/../../../../avr/lib/avr5\libc.a(strnlen_P.o)
 .bss           0x008000a8        0x0 c:/program files (x86)/atmel/avr tools/avr toolchain/bin/../lib/gcc/avr/4.8.1/../../../../avr/lib/avr5\libc.a(strnlen.o)
 .bss           0x008000a8        0x0 c:/program files (x86)/atmel/avr tools/avr toolchain/bin/../lib/gcc/avr/4.8.1/../../../../avr/lib/avr5\libc.a(strrev.o)
 .bss           0x008000a8        0x0 c:/program files (x86)/atmel/avr tools/avr toolchain/bin/../lib/gcc/avr/4.8.1/../../../../avr/lib/avr5\libc.a(fputc.o)
 .bss           0x008000a8        0x0 c:/program files (x86)/atmel/avr tools/avr toolchain/bin/../lib/gcc/avr/4.8.1/../../../../avr/lib/avr5\libc.a(ultoa_invert.o)
 .bss           0x008000a8        0x0 c:/program files (x86)/atmel/avr tools/avr toolchain/bin/../lib/gcc/avr/4.8.1/avr5\libgcc.a(_prologue.o)
 .bss           0x008000a8        0x0 c:/program files (x86)/atmel/avr tools/avr toolchain/bin/../lib/gcc/avr/4.8.1/avr5\libgcc.a(_epilogue.o)
 *(.bss*)
 .bss.rtc_callback
                0x008000a8        0x2 ./RTC_PCF8583/rtc_pcf8583.o
 .bss.IrPulseCount.1506
                0x008000aa        0x1 ./IR_UNI/ir_rc5.o
 .bss.IrData.1507
                0x008000ab        0x2 ./IR_UNI/ir_rc5.o
 .bss.frame_status.1508
                0x008000ad        0x1 ./IR_UNI/ir_rc5.o
 .bss.LastCapture.1504
                0x008000ae        0x2 ./IR_UNI/ir_rc5.o
 .bss.ir_event_callback
                0x008000b0        0x2 ./IR_UNI/ir_rc5.o
 .bss.dioda_event_callback
                0x008000b2        0x2 ./main.o
 *(COMMON)
 COMMON         0x008000b4       0x24 ./RTC_PCF8583/rtc_pcf8583.o
                0x008000b4                datetime
                0x008000d6                s1_cnt
                0x008000d7                int0_flag
 COMMON         0x008000d8        0x9 ./PVC/pvc.o
                0x008000d8                vol_buf
                0x008000e0                vol
 COMMON         0x008000e1        0x7 ./IR_UNI/ir_rc5.o
                0x008000e1                toggle_bit
                0x008000e2                address
                0x008000e3                command
                0x008000e4                last_toggle
                0x008000e5                rc5cnt
                0x008000e6                Ir_key_press_flag
                0x008000e7                key_time
 COMMON         0x008000e8        0x5 ./main.o
                0x008000e8                licznik_RTC
                0x008000e9                input
                0x008000ea                licznik_TIMER0
                0x008000eb                dioda_flag
                0x008000ec                Timer1
                0x008000ed                PROVIDE (__bss_end, .)
                0x000015d8                __data_load_start = LOADADDR (.data)
                0x00001620                __data_load_end = (__data_load_start + SIZEOF (.data))

.noinit         0x008000ed        0x0
                0x008000ed                PROVIDE (__noinit_start, .)
 *(.noinit*)
                0x008000ed                PROVIDE (__noinit_end, .)
                0x008000ed                _end = .
                0x008000ed                PROVIDE (__heap_start, .)

.eeprom         0x00810000        0x0
 *(.eeprom*)
                0x00810000                __eeprom_end = .

.fuse
 *(.fuse)
 *(.lfuse)
 *(.hfuse)
 *(.efuse)

.lock
 *(.lock*)

.signature
 *(.signature*)

.user_signatures
 *(.user_signatures*)

.stab
 *(.stab)

.stabstr
 *(.stabstr)

.stab.excl
 *(.stab.excl)

.stab.exclstr
 *(.stab.exclstr)

.stab.index
 *(.stab.index)

.stab.indexstr
 *(.stab.indexstr)

.comment        0x00000000       0x5c
 *(.comment)
 .comment       0x00000000       0x30 ./RTC_PCF8583/rtc_pcf8583.o
                                 0x31 (size before relaxing)
 .comment       0x00000000       0x31 ./PVC/pvc.o
 .comment       0x00000000       0x31 ./LCD/lcd44780.o
 .comment       0x00000000       0x31 ./IR_UNI/ir_jvc.o
 .comment       0x00000000       0x31 ./IR_UNI/ir_rc5.o
 .comment       0x00000000       0x31 ./IR_UNI/ir_samsung.o
 .comment       0x00000000       0x31 ./IR_UNI/ir_sony.o
 .comment       0x00000000       0x31 ./I2C_TWI/i2c_twi.o
 .comment       0x00000000       0x31 ./common.o
 .comment       0x00000000       0x31 ./main.o
 .comment       0x00000000       0x31 c:/program files (x86)/atmel/avr tools/avr toolchain/bin/../lib/gcc/avr/4.8.1/../../../../avr/lib/avr5\libc.a(sprintf.o)
 .comment       0x00000030       0x2c c:/program files (x86)/atmel/avr tools/avr toolchain/bin/../lib/gcc/avr/4.8.1/../../../../avr/lib/avr5\libc.a(vfprintf_std.o)
                                 0x2d (size before relaxing)
 .comment       0x00000000       0x31 c:/program files (x86)/atmel/avr tools/avr toolchain/bin/../lib/gcc/avr/4.8.1/../../../../avr/lib/avr5\libc.a(fputc.o)

.note.gnu.build-id
 *(.note.gnu.build-id)

.debug
 *(.debug)

.line
 *(.line)

.debug_srcinfo
 *(.debug_srcinfo)

.debug_sfnames
 *(.debug_sfnames)

.debug_aranges
 *(.debug_aranges)

.debug_pubnames
 *(.debug_pubnames)

.debug_info
 *(.debug_info .gnu.linkonce.wi.*)

.debug_abbrev
 *(.debug_abbrev)

.debug_line
 *(.debug_line .debug_line.* .debug_line_end)

.debug_frame
 *(.debug_frame)

.debug_str
 *(.debug_str)

.debug_loc
 *(.debug_loc)

.debug_macinfo
 *(.debug_macinfo)

.debug_weaknames
 *(.debug_weaknames)

.debug_funcnames
 *(.debug_funcnames)

.debug_typenames
 *(.debug_typenames)

.debug_varnames
 *(.debug_varnames)

.debug_pubtypes
 *(.debug_pubtypes)

.debug_ranges
 *(.debug_ranges)

.debug_macro
 *(.debug_macro)
OUTPUT(PVC_test4_end2.elf elf32-avr)
LOAD linker stubs
