Archive member included because of file (symbol)

c:/program files (x86)/atmel/avr tools/avr toolchain/bin/../lib/gcc/avr/4.8.1/avr5\libgcc.a(_udivmodqi4.o)
                              ./RTC_PCF8583/rtc_pcf8583.o (__udivmodqi4)
c:/program files (x86)/atmel/avr tools/avr toolchain/bin/../lib/gcc/avr/4.8.1/avr5\libgcc.a(_udivmodhi4.o)
                              ./PVC/pvc.o (__udivmodhi4)
c:/program files (x86)/atmel/avr tools/avr toolchain/bin/../lib/gcc/avr/4.8.1/avr5\libgcc.a(_exit.o)
                              c:/program files (x86)/atmel/avr tools/avr toolchain/bin/../lib/gcc/avr/4.8.1/../../../../avr/lib/avr5/crtm32.o (exit)
c:/program files (x86)/atmel/avr tools/avr toolchain/bin/../lib/gcc/avr/4.8.1/avr5\libgcc.a(_copy_data.o)
                              ./PVC/pvc.o (__do_copy_data)
c:/program files (x86)/atmel/avr tools/avr toolchain/bin/../lib/gcc/avr/4.8.1/avr5\libgcc.a(_clear_bss.o)
                              ./RTC_PCF8583/rtc_pcf8583.o (__do_clear_bss)
c:/program files (x86)/atmel/avr tools/avr toolchain/bin/../lib/gcc/avr/4.8.1/../../../../avr/lib/avr5\libc.a(itoa_ncheck.o)
                              ./RTC_PCF8583/rtc_pcf8583.o (__itoa_ncheck)
c:/program files (x86)/atmel/avr tools/avr toolchain/bin/../lib/gcc/avr/4.8.1/../../../../avr/lib/avr5\libc.a(ltoa_ncheck.o)
                              ./LCD/lcd44780.o (__ltoa_ncheck)
c:/program files (x86)/atmel/avr tools/avr toolchain/bin/../lib/gcc/avr/4.8.1/../../../../avr/lib/avr5\libc.a(ultoa_ncheck.o)
                              c:/program files (x86)/atmel/avr tools/avr toolchain/bin/../lib/gcc/avr/4.8.1/../../../../avr/lib/avr5\libc.a(ltoa_ncheck.o) (__ultoa_common)
c:/program files (x86)/atmel/avr tools/avr toolchain/bin/../lib/gcc/avr/4.8.1/../../../../avr/lib/avr5\libc.a(utoa_ncheck.o)
                              c:/program files (x86)/atmel/avr tools/avr toolchain/bin/../lib/gcc/avr/4.8.1/../../../../avr/lib/avr5\libc.a(itoa_ncheck.o) (__utoa_common)
c:/program files (x86)/atmel/avr tools/avr toolchain/bin/../lib/gcc/avr/4.8.1/../../../../avr/lib/avr5\libc.a(sprintf.o)
                              ./PVC/pvc.o (sprintf)
c:/program files (x86)/atmel/avr tools/avr toolchain/bin/../lib/gcc/avr/4.8.1/../../../../avr/lib/avr5\libc.a(vfprintf_std.o)
                              c:/program files (x86)/atmel/avr tools/avr toolchain/bin/../lib/gcc/avr/4.8.1/../../../../avr/lib/avr5\libc.a(sprintf.o) (vfprintf)
c:/program files (x86)/atmel/avr tools/avr toolchain/bin/../lib/gcc/avr/4.8.1/../../../../avr/lib/avr5\libc.a(eerd_byte_atmega32.o)
                              ./LCD/lcd44780.o (__eerd_byte_m32)
c:/program files (x86)/atmel/avr tools/avr toolchain/bin/../lib/gcc/avr/4.8.1/../../../../avr/lib/avr5\libc.a(strnlen_P.o)
                              c:/program files (x86)/atmel/avr tools/avr toolchain/bin/../lib/gcc/avr/4.8.1/../../../../avr/lib/avr5\libc.a(vfprintf_std.o) (strnlen_P)
c:/program files (x86)/atmel/avr tools/avr toolchain/bin/../lib/gcc/avr/4.8.1/../../../../avr/lib/avr5\libc.a(strnlen.o)
                              c:/program files (x86)/atmel/avr tools/avr toolchain/bin/../lib/gcc/avr/4.8.1/../../../../avr/lib/avr5\libc.a(vfprintf_std.o) (strnlen)
c:/program files (x86)/atmel/avr tools/avr toolchain/bin/../lib/gcc/avr/4.8.1/../../../../avr/lib/avr5\libc.a(strrev.o)
                              c:/program files (x86)/atmel/avr tools/avr toolchain/bin/../lib/gcc/avr/4.8.1/../../../../avr/lib/avr5\libc.a(ultoa_ncheck.o) (strrev)
c:/program files (x86)/atmel/avr tools/avr toolchain/bin/../lib/gcc/avr/4.8.1/../../../../avr/lib/avr5\libc.a(fputc.o)
                              c:/program files (x86)/atmel/avr tools/avr toolchain/bin/../lib/gcc/avr/4.8.1/../../../../avr/lib/avr5\libc.a(vfprintf_std.o) (fputc)
c:/program files (x86)/atmel/avr tools/avr toolchain/bin/../lib/gcc/avr/4.8.1/../../../../avr/lib/avr5\libc.a(ultoa_invert.o)
                              c:/program files (x86)/atmel/avr tools/avr toolchain/bin/../lib/gcc/avr/4.8.1/../../../../avr/lib/avr5\libc.a(vfprintf_std.o) (__ultoa_invert)
c:/program files (x86)/atmel/avr tools/avr toolchain/bin/../lib/gcc/avr/4.8.1/avr5\libgcc.a(_prologue.o)
                              c:/program files (x86)/atmel/avr tools/avr toolchain/bin/../lib/gcc/avr/4.8.1/../../../../avr/lib/avr5\libc.a(sprintf.o) (__prologue_saves__)
c:/program files (x86)/atmel/avr tools/avr toolchain/bin/../lib/gcc/avr/4.8.1/avr5\libgcc.a(_epilogue.o)
                              c:/program files (x86)/atmel/avr tools/avr toolchain/bin/../lib/gcc/avr/4.8.1/../../../../avr/lib/avr5\libc.a(sprintf.o) (__epilogue_restores__)

Allocating common symbols
Common symbol       size              file

licznik_RTC         0x1               ./main.o
toggle_bit          0x1               ./IR_UNI/ir_rc5.o
vol_buf             0x8               ./PVC/pvc.o
address             0x1               ./IR_UNI/ir_rc5.o
input               0x1               ./main.o
command             0x1               ./IR_UNI/ir_rc5.o
last_toggle         0x1               ./IR_UNI/ir_rc5.o
rc5cnt              0x1               ./IR_UNI/ir_rc5.o
Ir_key_press_flag   0x1               ./IR_UNI/ir_rc5.o
key_time            0x1               ./IR_UNI/ir_rc5.o
datetime            0x22              ./RTC_PCF8583/rtc_pcf8583.o
licznik_TIMER0      0x1               ./main.o
vol                 0x1               ./PVC/pvc.o
dioda_flag          0x1               ./main.o
s1_cnt              0x1               ./RTC_PCF8583/rtc_pcf8583.o
Timer1              0x1               ./main.o
int0_flag           0x1               ./RTC_PCF8583/rtc_pcf8583.o

Memory Configuration

Name             Origin             Length             Attributes
text             0x00000000         0x00020000         xr
data             0x00800060         0x0000ffa0         rw !x
eeprom           0x00810000         0x00010000         rw !x
fuse             0x00820000         0x00000400         rw !x
lock             0x00830000         0x00000400         rw !x
signature        0x00840000         0x00000400         rw !x
user_signatures  0x00850000         0x00000400         rw !x
*default*        0x00000000         0xffffffff

Linker script and memory map

LOAD c:/program files (x86)/atmel/avr tools/avr toolchain/bin/../lib/gcc/avr/4.8.1/../../../../avr/lib/avr5/crtm32.o
LOAD ./RTC_PCF8583/rtc_pcf8583.o
LOAD ./PVC/pvc.o
LOAD ./LCD/lcd44780.o
LOAD ./IR_UNI/ir_jvc.o
LOAD ./IR_UNI/ir_rc5.o
LOAD ./IR_UNI/ir_samsung.o
LOAD ./IR_UNI/ir_sony.o
LOAD ./I2C_TWI/i2c_twi.o
LOAD ./common.o
LOAD ./main.o
START GROUP
LOAD c:/program files (x86)/atmel/avr tools/avr toolchain/bin/../lib/gcc/avr/4.8.1/avr5\libgcc.a
LOAD c:/program files (x86)/atmel/avr tools/avr toolchain/bin/../lib/gcc/avr/4.8.1/../../../../avr/lib/avr5\libm.a
LOAD c:/program files (x86)/atmel/avr tools/avr toolchain/bin/../lib/gcc/avr/4.8.1/../../../../avr/lib/avr5\libc.a
END GROUP

.hash
 *(.hash)

.dynsym
 *(.dynsym)

.dynstr
 *(.dynstr)

.gnu.version
 *(.gnu.version)

.gnu.version_d
 *(.gnu.version_d)

.gnu.version_r
 *(.gnu.version_r)

.rel.init
 *(.rel.init)

.rela.init
 *(.rela.init)

.rel.text
 *(.rel.text)
 *(.rel.text.*)
 *(.rel.gnu.linkonce.t*)

.rela.text
 *(.rela.text)
 *(.rela.text.*)
 *(.rela.gnu.linkonce.t*)

.rel.fini
 *(.rel.fini)

.rela.fini
 *(.rela.fini)

.rel.rodata
 *(.rel.rodata)
 *(.rel.rodata.*)
 *(.rel.gnu.linkonce.r*)

.rela.rodata
 *(.rela.rodata)
 *(.rela.rodata.*)
 *(.rela.gnu.linkonce.r*)

.rel.data
 *(.rel.data)
 *(.rel.data.*)
 *(.rel.gnu.linkonce.d*)

.rela.data
 *(.rela.data)
 *(.rela.data.*)
 *(.rela.gnu.linkonce.d*)

.rel.ctors
 *(.rel.ctors)

.rela.ctors
 *(.rela.ctors)

.rel.dtors
 *(.rel.dtors)

.rela.dtors
 *(.rela.dtors)

.rel.got
 *(.rel.got)

.rela.got
 *(.rela.got)

.rel.bss
 *(.rel.bss)

.rela.bss
 *(.rela.bss)

.rel.plt
 *(.rel.plt)

.rela.plt
 *(.rela.plt)

.text           0x00000000     0x14a2
 *(.vectors)
 .vectors       0x00000000       0x54 c:/program files (x86)/atmel/avr tools/avr toolchain/bin/../lib/gcc/avr/4.8.1/../../../../avr/lib/avr5/crtm32.o
                0x00000000                __vector_default
                0x00000000                __vectors
 *(.vectors)
 *(.progmem.gcc*)
                0x00000054                . = ALIGN (0x2)
                0x00000054                __trampolines_start = .
 *(.trampolines)
 .trampolines   0x00000054        0x0 linker stubs
 *(.trampolines*)
                0x00000054                __trampolines_end = .
 *(.progmem*)
 .progmem.data.pvc_vol
                0x00000054       0x60 ./PVC/pvc.o
                0x00000054                pvc_vol
                0x000000b4                . = ALIGN (0x2)
 *(.jumptables)
 *(.jumptables*)
 *(.lowtext)
 *(.lowtext*)
                0x000000b4                __ctors_start = .
 *(.ctors)
                0x000000b4                __ctors_end = .
                0x000000b4                __dtors_start = .
 *(.dtors)
                0x000000b4                __dtors_end = .
 SORT(*)(.ctors)
 SORT(*)(.dtors)
 *(.init0)
 .init0         0x000000b4        0x0 c:/program files (x86)/atmel/avr tools/avr toolchain/bin/../lib/gcc/avr/4.8.1/../../../../avr/lib/avr5/crtm32.o
                0x000000b4                __init
 *(.init0)
 *(.init1)
 *(.init1)
 *(.init2)
 .init2         0x000000b4        0xc c:/program files (x86)/atmel/avr tools/avr toolchain/bin/../lib/gcc/avr/4.8.1/../../../../avr/lib/avr5/crtm32.o
 *(.init2)
 *(.init3)
 *(.init3)
 *(.init4)
 .init4         0x000000c0       0x16 c:/program files (x86)/atmel/avr tools/avr toolchain/bin/../lib/gcc/avr/4.8.1/avr5\libgcc.a(_copy_data.o)
                0x000000c0                __do_copy_data
 .init4         0x000000d6       0x10 c:/program files (x86)/atmel/avr tools/avr toolchain/bin/../lib/gcc/avr/4.8.1/avr5\libgcc.a(_clear_bss.o)
                0x000000d6                __do_clear_bss
 *(.init4)
 *(.init5)
 *(.init5)
 *(.init6)
 *(.init6)
 *(.init7)
 *(.init7)
 *(.init8)
 *(.init8)
 *(.init9)
 .init9         0x000000e6        0x8 c:/program files (x86)/atmel/avr tools/avr toolchain/bin/../lib/gcc/avr/4.8.1/../../../../avr/lib/avr5/crtm32.o
 *(.init9)
 *(.text)
 .text          0x000000ee        0x4 c:/program files (x86)/atmel/avr tools/avr toolchain/bin/../lib/gcc/avr/4.8.1/../../../../avr/lib/avr5/crtm32.o
                0x000000ee                __vector_1
                0x000000ee                __vector_12
                0x000000ee                __bad_interrupt
                0x000000ee                __vector_3
                0x000000ee                __vector_11
                0x000000ee                __vector_13
                0x000000ee                __vector_17
                0x000000ee                __vector_19
                0x000000ee                __vector_7
                0x000000ee                __vector_5
                0x000000ee                __vector_4
                0x000000ee                __vector_9
                0x000000ee                __vector_2
                0x000000ee                __vector_15
                0x000000ee                __vector_8
                0x000000ee                __vector_14
                0x000000ee                __vector_16
                0x000000ee                __vector_18
                0x000000ee                __vector_20
 .text          0x000000f2        0x0 ./RTC_PCF8583/rtc_pcf8583.o
 .text          0x000000f2        0x0 ./PVC/pvc.o
 .text          0x000000f2        0x0 ./LCD/lcd44780.o
 .text          0x000000f2        0x0 ./IR_UNI/ir_jvc.o
 .text          0x000000f2        0x0 ./IR_UNI/ir_rc5.o
 .text          0x000000f2        0x0 ./IR_UNI/ir_samsung.o
 .text          0x000000f2        0x0 ./IR_UNI/ir_sony.o
 .text          0x000000f2        0x0 ./I2C_TWI/i2c_twi.o
 .text          0x000000f2        0x0 ./common.o
 .text          0x000000f2        0x0 ./main.o
 .text          0x000000f2        0x0 c:/program files (x86)/atmel/avr tools/avr toolchain/bin/../lib/gcc/avr/4.8.1/avr5\libgcc.a(_udivmodqi4.o)
 .text          0x000000f2        0x0 c:/program files (x86)/atmel/avr tools/avr toolchain/bin/../lib/gcc/avr/4.8.1/avr5\libgcc.a(_udivmodhi4.o)
 .text          0x000000f2        0x0 c:/program files (x86)/atmel/avr tools/avr toolchain/bin/../lib/gcc/avr/4.8.1/avr5\libgcc.a(_exit.o)
 .text          0x000000f2        0x0 c:/program files (x86)/atmel/avr tools/avr toolchain/bin/../lib/gcc/avr/4.8.1/avr5\libgcc.a(_copy_data.o)
 .text          0x000000f2        0x0 c:/program files (x86)/atmel/avr tools/avr toolchain/bin/../lib/gcc/avr/4.8.1/avr5\libgcc.a(_clear_bss.o)
 .text          0x000000f2        0x0 c:/program files (x86)/atmel/avr tools/avr toolchain/bin/../lib/gcc/avr/4.8.1/../../../../avr/lib/avr5\libc.a(itoa_ncheck.o)
 .text          0x000000f2        0x0 c:/program files (x86)/atmel/avr tools/avr toolchain/bin/../lib/gcc/avr/4.8.1/../../../../avr/lib/avr5\libc.a(ltoa_ncheck.o)
 .text          0x000000f2        0x0 c:/program files (x86)/atmel/avr tools/avr toolchain/bin/../lib/gcc/avr/4.8.1/../../../../avr/lib/avr5\libc.a(ultoa_ncheck.o)
 .text          0x000000f2        0x0 c:/program files (x86)/atmel/avr tools/avr toolchain/bin/../lib/gcc/avr/4.8.1/../../../../avr/lib/avr5\libc.a(utoa_ncheck.o)
 .text          0x000000f2        0x0 c:/program files (x86)/atmel/avr tools/avr toolchain/bin/../lib/gcc/avr/4.8.1/../../../../avr/lib/avr5\libc.a(sprintf.o)
 .text          0x000000f2        0x0 c:/program files (x86)/atmel/avr tools/avr toolchain/bin/../lib/gcc/avr/4.8.1/../../../../avr/lib/avr5\libc.a(vfprintf_std.o)
 .text          0x000000f2        0x0 c:/program files (x86)/atmel/avr tools/avr toolchain/bin/../lib/gcc/avr/4.8.1/../../../../avr/lib/avr5\libc.a(eerd_byte_atmega32.o)
 .text          0x000000f2        0x0 c:/program files (x86)/atmel/avr tools/avr toolchain/bin/../lib/gcc/avr/4.8.1/../../../../avr/lib/avr5\libc.a(strnlen_P.o)
 .text          0x000000f2        0x0 c:/program files (x86)/atmel/avr tools/avr toolchain/bin/../lib/gcc/avr/4.8.1/../../../../avr/lib/avr5\libc.a(strnlen.o)
 .text          0x000000f2        0x0 c:/program files (x86)/atmel/avr tools/avr toolchain/bin/../lib/gcc/avr/4.8.1/../../../../avr/lib/avr5\libc.a(strrev.o)
 .text          0x000000f2        0x0 c:/program files (x86)/atmel/avr tools/avr toolchain/bin/../lib/gcc/avr/4.8.1/../../../../avr/lib/avr5\libc.a(fputc.o)
 .text          0x000000f2        0x0 c:/program files (x86)/atmel/avr tools/avr toolchain/bin/../lib/gcc/avr/4.8.1/../../../../avr/lib/avr5\libc.a(ultoa_invert.o)
 .text          0x000000f2        0x0 c:/program files (x86)/atmel/avr tools/avr toolchain/bin/../lib/gcc/avr/4.8.1/avr5\libgcc.a(_prologue.o)
 .text          0x000000f2        0x0 c:/program files (x86)/atmel/avr tools/avr toolchain/bin/../lib/gcc/avr/4.8.1/avr5\libgcc.a(_epilogue.o)
                0x000000f2                . = ALIGN (0x2)
 *(.text.*)
 .text.register_rtc_event_callback
                0x000000f2        0xa ./RTC_PCF8583/rtc_pcf8583.o
                0x000000f2                register_rtc_event_callback
 .text.init_rtc
                0x000000fc        0x2 ./RTC_PCF8583/rtc_pcf8583.o
                0x000000fc                init_rtc
 .text.dec2bcd  0x000000fe       0x14 ./RTC_PCF8583/rtc_pcf8583.o
                0x000000fe                dec2bcd
 .text.set_rtc_time
                0x00000112       0x52 ./RTC_PCF8583/rtc_pcf8583.o
                0x00000112                set_rtc_time
 .text.set_rtc_date
                0x00000164       0x70 ./RTC_PCF8583/rtc_pcf8583.o
                0x00000164                set_rtc_date
 .text.set_rtc_datetime
                0x000001d4       0x26 ./RTC_PCF8583/rtc_pcf8583.o
                0x000001d4                set_rtc_datetime
 .text.bcd2dec  0x000001fa       0x12 ./RTC_PCF8583/rtc_pcf8583.o
                0x000001fa                bcd2dec
 .text.get_rtc_datetime
                0x0000020c      0x164 ./RTC_PCF8583/rtc_pcf8583.o
                0x0000020c                get_rtc_datetime
 .text.RTC_EVENT
                0x00000370       0x28 ./RTC_PCF8583/rtc_pcf8583.o
                0x00000370                RTC_EVENT
 .text.get_vol_db
                0x00000398      0x100 ./PVC/pvc.o
                0x00000398                get_vol_db
 .text.vol_display
                0x00000498       0x18 ./PVC/pvc.o
                0x00000498                vol_display
 .text.set_vol  0x000004b0       0x36 ./PVC/pvc.o
                0x000004b0                set_vol
 .text.data_dir_out
                0x000004e6        0xa ./LCD/lcd44780.o
 .text.lcd_sendHalf
                0x000004f0       0x2a ./LCD/lcd44780.o
 .text._lcd_write_byte
                0x0000051a       0x30 ./LCD/lcd44780.o
                0x0000051a                _lcd_write_byte
 .text.lcd_write_cmd
                0x0000054a        0x6 ./LCD/lcd44780.o
                0x0000054a                lcd_write_cmd
 .text.lcd_write_data
                0x00000550        0x6 ./LCD/lcd44780.o
                0x00000550                lcd_write_data
 .text.lcd_char
                0x00000556        0xe ./LCD/lcd44780.o
                0x00000556                lcd_char
 .text.lcd_str  0x00000564       0x18 ./LCD/lcd44780.o
                0x00000564                lcd_str
 .text.lcd_str_P
                0x0000057c       0x1e ./LCD/lcd44780.o
                0x0000057c                lcd_str_P
 .text.lcd_str_E
                0x0000059a       0x22 ./LCD/lcd44780.o
                0x0000059a                lcd_str_E
 .text.lcd_int  0x000005bc       0x36 ./LCD/lcd44780.o
                0x000005bc                lcd_int
 .text.lcd_hex  0x000005f2       0x36 ./LCD/lcd44780.o
                0x000005f2                lcd_hex
 .text.lcd_locate
                0x00000628        0xe ./LCD/lcd44780.o
                0x00000628                lcd_locate
 .text.lcd_cls  0x00000636       0x14 ./LCD/lcd44780.o
                0x00000636                lcd_cls
 .text.lcd_init
                0x0000064a       0x90 ./LCD/lcd44780.o
                0x0000064a                lcd_init
 .text.register_ir_event_callback
                0x000006da        0xa ./IR_UNI/ir_rc5.o
                0x000006da                register_ir_event_callback
 .text.IR_EVENT
                0x000006e4       0x32 ./IR_UNI/ir_rc5.o
                0x000006e4                IR_EVENT
 .text.ir_init  0x00000716       0x16 ./IR_UNI/ir_rc5.o
                0x00000716                ir_init
 .text.__vector_6
                0x0000072c      0x18e ./IR_UNI/ir_rc5.o
                0x0000072c                __vector_6
 .text.i2cSetBitrate
                0x000008ba       0x22 ./I2C_TWI/i2c_twi.o
                0x000008ba                i2cSetBitrate
 .text.TWI_start
                0x000008dc        0xc ./I2C_TWI/i2c_twi.o
                0x000008dc                TWI_start
 .text.TWI_stop
                0x000008e8        0xc ./I2C_TWI/i2c_twi.o
                0x000008e8                TWI_stop
 .text.TWI_write
                0x000008f4        0xe ./I2C_TWI/i2c_twi.o
                0x000008f4                TWI_write
 .text.TWI_read
                0x00000902       0x16 ./I2C_TWI/i2c_twi.o
                0x00000902                TWI_read
 .text.TWI_write_buf
                0x00000918       0x5e ./I2C_TWI/i2c_twi.o
                0x00000918                TWI_write_buf
 .text.TWI_read_buf
                0x00000976       0x72 ./I2C_TWI/i2c_twi.o
                0x00000976                TWI_read_buf
 .text.TWI_write_int
                0x000009e8       0x2c ./I2C_TWI/i2c_twi.o
                0x000009e8                TWI_write_int
 .text.TWI_read_int
                0x00000a14       0x3c ./I2C_TWI/i2c_twi.o
                0x00000a14                TWI_read_int
 .text.ustawienie_TIMER0_w_tryb_CTC
                0x00000a50       0x18 ./common.o
                0x00000a50                ustawienie_TIMER0_w_tryb_CTC
 .text.ustawienie_diod_LED
                0x00000a68        0x6 ./common.o
                0x00000a68                ustawienie_diod_LED
 .text.ustawienie_diody_LED_wyswietlacza
                0x00000a6e        0x6 ./common.o
                0x00000a6e                ustawienie_diody_LED_wyswietlacza
 .text.inicjalizacja_wyswietlacza
                0x00000a74       0x28 ./common.o
                0x00000a74                inicjalizacja_wyswietlacza
 .text.ustawienie_szybkosci_I2C
                0x00000a9c        0x8 ./common.o
                0x00000a9c                ustawienie_szybkosci_I2C
 .text.inicjalizacja_odbiornika_IR
                0x00000aa4        0x4 ./common.o
                0x00000aa4                inicjalizacja_odbiornika_IR
 .text.inicjalizacja_RTC
                0x00000aa8        0x4 ./common.o
                0x00000aa8                inicjalizacja_RTC
 .text.ustawienia_volume
                0x00000aac        0x4 ./common.o
                0x00000aac                ustawienia_volume
 .text.odblokowanie_przerwan
                0x00000ab0        0x4 ./common.o
                0x00000ab0                odblokowanie_przerwan
 .text.ustawienie_czasu_i_daty
                0x00000ab4        0x2 ./common.o
                0x00000ab4                ustawienie_czasu_i_daty
 .text.dioda    0x00000ab6        0xa ./main.o
                0x00000ab6                dioda
 .text.pokazuj_date_czas
                0x00000ac0       0x2a ./main.o
                0x00000ac0                pokazuj_date_czas
 .text.set_input
                0x00000aea       0x88 ./main.o
                0x00000aea                set_input
 .text.input_press
                0x00000b72       0x14 ./main.o
                0x00000b72                input_press
 .text.main_event_ir
                0x00000b86      0x12a ./main.o
                0x00000b86                main_event_ir
 .text.register_dioda_event_callback
                0x00000cb0        0xa ./main.o
                0x00000cb0                register_dioda_event_callback
 .text.__vector_10
                0x00000cba       0x3a ./main.o
                0x00000cba                __vector_10
 .text.tekst_TIMER0
                0x00000cf4       0x74 ./main.o
                0x00000cf4                tekst_TIMER0
 .text.DIODA_EVENT
                0x00000d68       0x20 ./main.o
                0x00000d68                DIODA_EVENT
 .text.startup.main
                0x00000d88       0x58 ./main.o
                0x00000d88                main
 .text.libgcc.mul
                0x00000de0        0x0 c:/program files (x86)/atmel/avr tools/avr toolchain/bin/../lib/gcc/avr/4.8.1/avr5\libgcc.a(_udivmodqi4.o)
 .text.libgcc.div
                0x00000de0       0x18 c:/program files (x86)/atmel/avr tools/avr toolchain/bin/../lib/gcc/avr/4.8.1/avr5\libgcc.a(_udivmodqi4.o)
                0x00000de0                __udivmodqi4
 .text.libgcc   0x00000df8        0x0 c:/program files (x86)/atmel/avr tools/avr toolchain/bin/../lib/gcc/avr/4.8.1/avr5\libgcc.a(_udivmodqi4.o)
 .text.libgcc.prologue
                0x00000df8        0x0 c:/program files (x86)/atmel/avr tools/avr toolchain/bin/../lib/gcc/avr/4.8.1/avr5\libgcc.a(_udivmodqi4.o)
 .text.libgcc.builtins
                0x00000df8        0x0 c:/program files (x86)/atmel/avr tools/avr toolchain/bin/../lib/gcc/avr/4.8.1/avr5\libgcc.a(_udivmodqi4.o)
 .text.libgcc.fmul
                0x00000df8        0x0 c:/program files (x86)/atmel/avr tools/avr toolchain/bin/../lib/gcc/avr/4.8.1/avr5\libgcc.a(_udivmodqi4.o)
 .text.libgcc.fixed
                0x00000df8        0x0 c:/program files (x86)/atmel/avr tools/avr toolchain/bin/../lib/gcc/avr/4.8.1/avr5\libgcc.a(_udivmodqi4.o)
 .text.libgcc.mul
                0x00000df8        0x0 c:/program files (x86)/atmel/avr tools/avr toolchain/bin/../lib/gcc/avr/4.8.1/avr5\libgcc.a(_udivmodhi4.o)
 .text.libgcc.div
                0x00000df8       0x28 c:/program files (x86)/atmel/avr tools/avr toolchain/bin/../lib/gcc/avr/4.8.1/avr5\libgcc.a(_udivmodhi4.o)
                0x00000df8                __udivmodhi4
 .text.libgcc   0x00000e20        0x0 c:/program files (x86)/atmel/avr tools/avr toolchain/bin/../lib/gcc/avr/4.8.1/avr5\libgcc.a(_udivmodhi4.o)
 .text.libgcc.prologue
                0x00000e20        0x0 c:/program files (x86)/atmel/avr tools/avr toolchain/bin/../lib/gcc/avr/4.8.1/avr5\libgcc.a(_udivmodhi4.o)
 .text.libgcc.builtins
                0x00000e20        0x0 c:/program files (x86)/atmel/avr tools/avr toolchain/bin/../lib/gcc/avr/4.8.1/avr5\libgcc.a(_udivmodhi4.o)
 .text.libgcc.fmul
                0x00000e20        0x0 c:/program files (x86)/atmel/avr tools/avr toolchain/bin/../lib/gcc/avr/4.8.1/avr5\libgcc.a(_udivmodhi4.o)
 .text.libgcc.fixed
                0x00000e20        0x0 c:/program files (x86)/atmel/avr tools/avr toolchain/bin/../lib/gcc/avr/4.8.1/avr5\libgcc.a(_udivmodhi4.o)
 .text.libgcc.mul
                0x00000e20        0x0 c:/program files (x86)/atmel/avr tools/avr toolchain/bin/../lib/gcc/avr/4.8.1/avr5\libgcc.a(_exit.o)
 .text.libgcc.div
                0x00000e20        0x0 c:/program files (x86)/atmel/avr tools/avr toolchain/bin/../lib/gcc/avr/4.8.1/avr5\libgcc.a(_exit.o)
 .text.libgcc   0x00000e20        0x0 c:/program files (x86)/atmel/avr tools/avr toolchain/bin/../lib/gcc/avr/4.8.1/avr5\libgcc.a(_exit.o)
 .text.libgcc.prologue
                0x00000e20        0x0 c:/program files (x86)/atmel/avr tools/avr toolchain/bin/../lib/gcc/avr/4.8.1/avr5\libgcc.a(_exit.o)
 .text.libgcc.builtins
                0x00000e20        0x0 c:/program files (x86)/atmel/avr tools/avr toolchain/bin/../lib/gcc/avr/4.8.1/avr5\libgcc.a(_exit.o)
 .text.libgcc.fmul
                0x00000e20        0x0 c:/program files (x86)/atmel/avr tools/avr toolchain/bin/../lib/gcc/avr/4.8.1/avr5\libgcc.a(_exit.o)
 .text.libgcc.fixed
                0x00000e20        0x0 c:/program files (x86)/atmel/avr tools/avr toolchain/bin/../lib/gcc/avr/4.8.1/avr5\libgcc.a(_exit.o)
 .text.libgcc.mul
                0x00000e20        0x0 c:/program files (x86)/atmel/avr tools/avr toolchain/bin/../lib/gcc/avr/4.8.1/avr5\libgcc.a(_copy_data.o)
 .text.libgcc.div
                0x00000e20        0x0 c:/program files (x86)/atmel/avr tools/avr toolchain/bin/../lib/gcc/avr/4.8.1/avr5\libgcc.a(_copy_data.o)
 .text.libgcc   0x00000e20        0x0 c:/program files (x86)/atmel/avr tools/avr toolchain/bin/../lib/gcc/avr/4.8.1/avr5\libgcc.a(_copy_data.o)
 .text.libgcc.prologue
                0x00000e20        0x0 c:/program files (x86)/atmel/avr tools/avr toolchain/bin/../lib/gcc/avr/4.8.1/avr5\libgcc.a(_copy_data.o)
 .text.libgcc.builtins
                0x00000e20        0x0 c:/program files (x86)/atmel/avr tools/avr toolchain/bin/../lib/gcc/avr/4.8.1/avr5\libgcc.a(_copy_data.o)
 .text.libgcc.fmul
                0x00000e20        0x0 c:/program files (x86)/atmel/avr tools/avr toolchain/bin/../lib/gcc/avr/4.8.1/avr5\libgcc.a(_copy_data.o)
 .text.libgcc.fixed
                0x00000e20        0x0 c:/program files (x86)/atmel/avr tools/avr toolchain/bin/../lib/gcc/avr/4.8.1/avr5\libgcc.a(_copy_data.o)
 .text.libgcc.mul
                0x00000e20        0x0 c:/program files (x86)/atmel/avr tools/avr toolchain/bin/../lib/gcc/avr/4.8.1/avr5\libgcc.a(_clear_bss.o)
 .text.libgcc.div
                0x00000e20        0x0 c:/program files (x86)/atmel/avr tools/avr toolchain/bin/../lib/gcc/avr/4.8.1/avr5\libgcc.a(_clear_bss.o)
 .text.libgcc   0x00000e20        0x0 c:/program files (x86)/atmel/avr tools/avr toolchain/bin/../lib/gcc/avr/4.8.1/avr5\libgcc.a(_clear_bss.o)
 .text.libgcc.prologue
                0x00000e20        0x0 c:/program files (x86)/atmel/avr tools/avr toolchain/bin/../lib/gcc/avr/4.8.1/avr5\libgcc.a(_clear_bss.o)
 .text.libgcc.builtins
                0x00000e20        0x0 c:/program files (x86)/atmel/avr tools/avr toolchain/bin/../lib/gcc/avr/4.8.1/avr5\libgcc.a(_clear_bss.o)
 .text.libgcc.fmul
                0x00000e20        0x0 c:/program files (x86)/atmel/avr tools/avr toolchain/bin/../lib/gcc/avr/4.8.1/avr5\libgcc.a(_clear_bss.o)
 .text.libgcc.fixed
                0x00000e20        0x0 c:/program files (x86)/atmel/avr tools/avr toolchain/bin/../lib/gcc/avr/4.8.1/avr5\libgcc.a(_clear_bss.o)
 .text.avr-libc
                0x00000e20       0x16 c:/program files (x86)/atmel/avr tools/avr toolchain/bin/../lib/gcc/avr/4.8.1/../../../../avr/lib/avr5\libc.a(itoa_ncheck.o)
                0x00000e20                __itoa_ncheck
 .text.avr-libc
                0x00000e36       0x1e c:/program files (x86)/atmel/avr tools/avr toolchain/bin/../lib/gcc/avr/4.8.1/../../../../avr/lib/avr5\libc.a(ltoa_ncheck.o)
                0x00000e36                __ltoa_ncheck
 .text.avr-libc
                0x00000e54       0x44 c:/program files (x86)/atmel/avr tools/avr toolchain/bin/../lib/gcc/avr/4.8.1/../../../../avr/lib/avr5\libc.a(ultoa_ncheck.o)
                0x00000e54                __ultoa_ncheck
                0x00000e56                __ultoa_common
 .text.avr-libc
                0x00000e98       0x34 c:/program files (x86)/atmel/avr tools/avr toolchain/bin/../lib/gcc/avr/4.8.1/../../../../avr/lib/avr5\libc.a(utoa_ncheck.o)
                0x00000e98                __utoa_ncheck
                0x00000e9a                __utoa_common
 .text.avr-libc
                0x00000ecc       0x44 c:/program files (x86)/atmel/avr tools/avr toolchain/bin/../lib/gcc/avr/4.8.1/../../../../avr/lib/avr5\libc.a(sprintf.o)
                0x00000ecc                sprintf
 .text.avr-libc
                0x00000f10      0x3a4 c:/program files (x86)/atmel/avr tools/avr toolchain/bin/../lib/gcc/avr/4.8.1/../../../../avr/lib/avr5\libc.a(vfprintf_std.o)
                0x00000f10                vfprintf
 .text.avr-libc
                0x000012b4       0x10 c:/program files (x86)/atmel/avr tools/avr toolchain/bin/../lib/gcc/avr/4.8.1/../../../../avr/lib/avr5\libc.a(eerd_byte_atmega32.o)
                0x000012b4                __eerd_byte_m32
 .text.avr-libc
                0x000012c4       0x16 c:/program files (x86)/atmel/avr tools/avr toolchain/bin/../lib/gcc/avr/4.8.1/../../../../avr/lib/avr5\libc.a(strnlen_P.o)
                0x000012c4                strnlen_P
 .text.avr-libc
                0x000012da       0x16 c:/program files (x86)/atmel/avr tools/avr toolchain/bin/../lib/gcc/avr/4.8.1/../../../../avr/lib/avr5\libc.a(strnlen.o)
                0x000012da                strnlen
 .text.avr-libc
                0x000012f0       0x20 c:/program files (x86)/atmel/avr tools/avr toolchain/bin/../lib/gcc/avr/4.8.1/../../../../avr/lib/avr5\libc.a(strrev.o)
                0x000012f0                strrev
 .text.avr-libc
                0x00001310       0x64 c:/program files (x86)/atmel/avr tools/avr toolchain/bin/../lib/gcc/avr/4.8.1/../../../../avr/lib/avr5\libc.a(fputc.o)
                0x00001310                fputc
 .text.avr-libc
                0x00001374       0xbc c:/program files (x86)/atmel/avr tools/avr toolchain/bin/../lib/gcc/avr/4.8.1/../../../../avr/lib/avr5\libc.a(ultoa_invert.o)
                0x00001374                __ultoa_invert
 .text.libgcc.mul
                0x00001430        0x0 c:/program files (x86)/atmel/avr tools/avr toolchain/bin/../lib/gcc/avr/4.8.1/avr5\libgcc.a(_prologue.o)
 .text.libgcc.div
                0x00001430        0x0 c:/program files (x86)/atmel/avr tools/avr toolchain/bin/../lib/gcc/avr/4.8.1/avr5\libgcc.a(_prologue.o)
 .text.libgcc   0x00001430        0x0 c:/program files (x86)/atmel/avr tools/avr toolchain/bin/../lib/gcc/avr/4.8.1/avr5\libgcc.a(_prologue.o)
 .text.libgcc.prologue
                0x00001430       0x38 c:/program files (x86)/atmel/avr tools/avr toolchain/bin/../lib/gcc/avr/4.8.1/avr5\libgcc.a(_prologue.o)
                0x00001430                __prologue_saves__
 .text.libgcc.builtins
                0x00001468        0x0 c:/program files (x86)/atmel/avr tools/avr toolchain/bin/../lib/gcc/avr/4.8.1/avr5\libgcc.a(_prologue.o)
 .text.libgcc.fmul
                0x00001468        0x0 c:/program files (x86)/atmel/avr tools/avr toolchain/bin/../lib/gcc/avr/4.8.1/avr5\libgcc.a(_prologue.o)
 .text.libgcc.fixed
                0x00001468        0x0 c:/program files (x86)/atmel/avr tools/avr toolchain/bin/../lib/gcc/avr/4.8.1/avr5\libgcc.a(_prologue.o)
 .text.libgcc.mul
                0x00001468        0x0 c:/program files (x86)/atmel/avr tools/avr toolchain/bin/../lib/gcc/avr/4.8.1/avr5\libgcc.a(_epilogue.o)
 .text.libgcc.div
                0x00001468        0x0 c:/program files (x86)/atmel/avr tools/avr toolchain/bin/../lib/gcc/avr/4.8.1/avr5\libgcc.a(_epilogue.o)
 .text.libgcc   0x00001468        0x0 c:/program files (x86)/atmel/avr tools/avr toolchain/bin/../lib/gcc/avr/4.8.1/avr5\libgcc.a(_epilogue.o)
 .text.libgcc.prologue
                0x00001468       0x36 c:/program files (x86)/atmel/avr tools/avr toolchain/bin/../lib/gcc/avr/4.8.1/avr5\libgcc.a(_epilogue.o)
                0x00001468                __epilogue_restores__
 .text.libgcc.builtins
                0x0000149e        0x0 c:/program files (x86)/atmel/avr tools/avr toolchain/bin/../lib/gcc/avr/4.8.1/avr5\libgcc.a(_epilogue.o)
 .text.libgcc.fmul
                0x0000149e        0x0 c:/program files (x86)/atmel/avr tools/avr toolchain/bin/../lib/gcc/avr/4.8.1/avr5\libgcc.a(_epilogue.o)
 .text.libgcc.fixed
                0x0000149e        0x0 c:/program files (x86)/atmel/avr tools/avr toolchain/bin/../lib/gcc/avr/4.8.1/avr5\libgcc.a(_epilogue.o)
                0x0000149e                . = ALIGN (0x2)
 *(.fini9)
 .fini9         0x0000149e        0x0 c:/program files (x86)/atmel/avr tools/avr toolchain/bin/../lib/gcc/avr/4.8.1/avr5\libgcc.a(_exit.o)
                0x0000149e                _exit
                0x0000149e                exit
 *(.fini9)
 *(.fini8)
 *(.fini8)
 *(.fini7)
 *(.fini7)
 *(.fini6)
 *(.fini6)
 *(.fini5)
 *(.fini5)
 *(.fini4)
 *(.fini4)
 *(.fini3)
 *(.fini3)
 *(.fini2)
 *(.fini2)
 *(.fini1)
 *(.fini1)
 *(.fini0)
 .fini0         0x0000149e        0x4 c:/program files (x86)/atmel/avr tools/avr toolchain/bin/../lib/gcc/avr/4.8.1/avr5\libgcc.a(_exit.o)
 *(.fini0)
                0x000014a2                _etext = .

.data           0x00800060       0x40 load address 0x000014a2
                0x00800060                PROVIDE (__data_start, .)
 *(.data)
 .data          0x00800060        0x0 c:/program files (x86)/atmel/avr tools/avr toolchain/bin/../lib/gcc/avr/4.8.1/../../../../avr/lib/avr5/crtm32.o
 .data          0x00800060        0x0 ./RTC_PCF8583/rtc_pcf8583.o
 .data          0x00800060        0x0 ./PVC/pvc.o
 .data          0x00800060        0x0 ./LCD/lcd44780.o
 .data          0x00800060        0x0 ./IR_UNI/ir_jvc.o
 .data          0x00800060        0x0 ./IR_UNI/ir_rc5.o
 .data          0x00800060        0x0 ./IR_UNI/ir_samsung.o
 .data          0x00800060        0x0 ./IR_UNI/ir_sony.o
 .data          0x00800060        0x0 ./I2C_TWI/i2c_twi.o
 .data          0x00800060        0x0 ./common.o
 .data          0x00800060        0x0 ./main.o
 .data          0x00800060        0x0 c:/program files (x86)/atmel/avr tools/avr toolchain/bin/../lib/gcc/avr/4.8.1/avr5\libgcc.a(_udivmodqi4.o)
 .data          0x00800060        0x0 c:/program files (x86)/atmel/avr tools/avr toolchain/bin/../lib/gcc/avr/4.8.1/avr5\libgcc.a(_udivmodhi4.o)
 .data          0x00800060        0x0 c:/program files (x86)/atmel/avr tools/avr toolchain/bin/../lib/gcc/avr/4.8.1/avr5\libgcc.a(_exit.o)
 .data          0x00800060        0x0 c:/program files (x86)/atmel/avr tools/avr toolchain/bin/../lib/gcc/avr/4.8.1/avr5\libgcc.a(_copy_data.o)
 .data          0x00800060        0x0 c:/program files (x86)/atmel/avr tools/avr toolchain/bin/../lib/gcc/avr/4.8.1/avr5\libgcc.a(_clear_bss.o)
 .data          0x00800060        0x0 c:/program files (x86)/atmel/avr tools/avr toolchain/bin/../lib/gcc/avr/4.8.1/../../../../avr/lib/avr5\libc.a(itoa_ncheck.o)
 .data          0x00800060        0x0 c:/program files (x86)/atmel/avr tools/avr toolchain/bin/../lib/gcc/avr/4.8.1/../../../../avr/lib/avr5\libc.a(ltoa_ncheck.o)
 .data          0x00800060        0x0 c:/program files (x86)/atmel/avr tools/avr toolchain/bin/../lib/gcc/avr/4.8.1/../../../../avr/lib/avr5\libc.a(ultoa_ncheck.o)
 .data          0x00800060        0x0 c:/program files (x86)/atmel/avr tools/avr toolchain/bin/../lib/gcc/avr/4.8.1/../../../../avr/lib/avr5\libc.a(utoa_ncheck.o)
 .data          0x00800060        0x0 c:/program files (x86)/atmel/avr tools/avr toolchain/bin/../lib/gcc/avr/4.8.1/../../../../avr/lib/avr5\libc.a(sprintf.o)
 .data          0x00800060        0x0 c:/program files (x86)/atmel/avr tools/avr toolchain/bin/../lib/gcc/avr/4.8.1/../../../../avr/lib/avr5\libc.a(vfprintf_std.o)
 .data          0x00800060        0x0 c:/program files (x86)/atmel/avr tools/avr toolchain/bin/../lib/gcc/avr/4.8.1/../../../../avr/lib/avr5\libc.a(eerd_byte_atmega32.o)
 .data          0x00800060        0x0 c:/program files (x86)/atmel/avr tools/avr toolchain/bin/../lib/gcc/avr/4.8.1/../../../../avr/lib/avr5\libc.a(strnlen_P.o)
 .data          0x00800060        0x0 c:/program files (x86)/atmel/avr tools/avr toolchain/bin/../lib/gcc/avr/4.8.1/../../../../avr/lib/avr5\libc.a(strnlen.o)
 .data          0x00800060        0x0 c:/program files (x86)/atmel/avr tools/avr toolchain/bin/../lib/gcc/avr/4.8.1/../../../../avr/lib/avr5\libc.a(strrev.o)
 .data          0x00800060        0x0 c:/program files (x86)/atmel/avr tools/avr toolchain/bin/../lib/gcc/avr/4.8.1/../../../../avr/lib/avr5\libc.a(fputc.o)
 .data          0x00800060        0x0 c:/program files (x86)/atmel/avr tools/avr toolchain/bin/../lib/gcc/avr/4.8.1/../../../../avr/lib/avr5\libc.a(ultoa_invert.o)
 .data          0x00800060        0x0 c:/program files (x86)/atmel/avr tools/avr toolchain/bin/../lib/gcc/avr/4.8.1/avr5\libgcc.a(_prologue.o)
 .data          0x00800060        0x0 c:/program files (x86)/atmel/avr tools/avr toolchain/bin/../lib/gcc/avr/4.8.1/avr5\libgcc.a(_epilogue.o)
 *(.data*)
 *(.rodata)
 *(.rodata*)
 .rodata.str1.1
                0x00800060       0x30 ./PVC/pvc.o
 .rodata.str1.1
                0x00800090        0x9 ./common.o
 .rodata.str1.1
                0x00800099        0x6 ./main.o
                                  0x8 (size before relaxing)
 *(.gnu.linkonce.d*)
                0x008000a0                . = ALIGN (0x2)
 *fill*         0x0080009f        0x1 
                0x008000a0                _edata = .
                0x008000a0                PROVIDE (__data_end, .)

.bss            0x008000a0       0x45
                0x008000a0                PROVIDE (__bss_start, .)
 *(.bss)
 .bss           0x008000a0        0x0 c:/program files (x86)/atmel/avr tools/avr toolchain/bin/../lib/gcc/avr/4.8.1/../../../../avr/lib/avr5/crtm32.o
 .bss           0x008000a0        0x0 ./RTC_PCF8583/rtc_pcf8583.o
 .bss           0x008000a0        0x0 ./PVC/pvc.o
 .bss           0x008000a0        0x0 ./LCD/lcd44780.o
 .bss           0x008000a0        0x0 ./IR_UNI/ir_jvc.o
 .bss           0x008000a0        0x0 ./IR_UNI/ir_rc5.o
 .bss           0x008000a0        0x0 ./IR_UNI/ir_samsung.o
 .bss           0x008000a0        0x0 ./IR_UNI/ir_sony.o
 .bss           0x008000a0        0x0 ./I2C_TWI/i2c_twi.o
 .bss           0x008000a0        0x0 ./common.o
 .bss           0x008000a0        0x0 ./main.o
 .bss           0x008000a0        0x0 c:/program files (x86)/atmel/avr tools/avr toolchain/bin/../lib/gcc/avr/4.8.1/avr5\libgcc.a(_udivmodqi4.o)
 .bss           0x008000a0        0x0 c:/program files (x86)/atmel/avr tools/avr toolchain/bin/../lib/gcc/avr/4.8.1/avr5\libgcc.a(_udivmodhi4.o)
 .bss           0x008000a0        0x0 c:/program files (x86)/atmel/avr tools/avr toolchain/bin/../lib/gcc/avr/4.8.1/avr5\libgcc.a(_exit.o)
 .bss           0x008000a0        0x0 c:/program files (x86)/atmel/avr tools/avr toolchain/bin/../lib/gcc/avr/4.8.1/avr5\libgcc.a(_copy_data.o)
 .bss           0x008000a0        0x0 c:/program files (x86)/atmel/avr tools/avr toolchain/bin/../lib/gcc/avr/4.8.1/avr5\libgcc.a(_clear_bss.o)
 .bss           0x008000a0        0x0 c:/program files (x86)/atmel/avr tools/avr toolchain/bin/../lib/gcc/avr/4.8.1/../../../../avr/lib/avr5\libc.a(itoa_ncheck.o)
 .bss           0x008000a0        0x0 c:/program files (x86)/atmel/avr tools/avr toolchain/bin/../lib/gcc/avr/4.8.1/../../../../avr/lib/avr5\libc.a(ltoa_ncheck.o)
 .bss           0x008000a0        0x0 c:/program files (x86)/atmel/avr tools/avr toolchain/bin/../lib/gcc/avr/4.8.1/../../../../avr/lib/avr5\libc.a(ultoa_ncheck.o)
 .bss           0x008000a0        0x0 c:/program files (x86)/atmel/avr tools/avr toolchain/bin/../lib/gcc/avr/4.8.1/../../../../avr/lib/avr5\libc.a(utoa_ncheck.o)
 .bss           0x008000a0        0x0 c:/program files (x86)/atmel/avr tools/avr toolchain/bin/../lib/gcc/avr/4.8.1/../../../../avr/lib/avr5\libc.a(sprintf.o)
 .bss           0x008000a0        0x0 c:/program files (x86)/atmel/avr tools/avr toolchain/bin/../lib/gcc/avr/4.8.1/../../../../avr/lib/avr5\libc.a(vfprintf_std.o)
 .bss           0x008000a0        0x0 c:/program files (x86)/atmel/avr tools/avr toolchain/bin/../lib/gcc/avr/4.8.1/../../../../avr/lib/avr5\libc.a(eerd_byte_atmega32.o)
 .bss           0x008000a0        0x0 c:/program files (x86)/atmel/avr tools/avr toolchain/bin/../lib/gcc/avr/4.8.1/../../../../avr/lib/avr5\libc.a(strnlen_P.o)
 .bss           0x008000a0        0x0 c:/program files (x86)/atmel/avr tools/avr toolchain/bin/../lib/gcc/avr/4.8.1/../../../../avr/lib/avr5\libc.a(strnlen.o)
 .bss           0x008000a0        0x0 c:/program files (x86)/atmel/avr tools/avr toolchain/bin/../lib/gcc/avr/4.8.1/../../../../avr/lib/avr5\libc.a(strrev.o)
 .bss           0x008000a0        0x0 c:/program files (x86)/atmel/avr tools/avr toolchain/bin/../lib/gcc/avr/4.8.1/../../../../avr/lib/avr5\libc.a(fputc.o)
 .bss           0x008000a0        0x0 c:/program files (x86)/atmel/avr tools/avr toolchain/bin/../lib/gcc/avr/4.8.1/../../../../avr/lib/avr5\libc.a(ultoa_invert.o)
 .bss           0x008000a0        0x0 c:/program files (x86)/atmel/avr tools/avr toolchain/bin/../lib/gcc/avr/4.8.1/avr5\libgcc.a(_prologue.o)
 .bss           0x008000a0        0x0 c:/program files (x86)/atmel/avr tools/avr toolchain/bin/../lib/gcc/avr/4.8.1/avr5\libgcc.a(_epilogue.o)
 *(.bss*)
 .bss.rtc_callback
                0x008000a0        0x2 ./RTC_PCF8583/rtc_pcf8583.o
 .bss.IrPulseCount.1506
                0x008000a2        0x1 ./IR_UNI/ir_rc5.o
 .bss.IrData.1507
                0x008000a3        0x2 ./IR_UNI/ir_rc5.o
 .bss.frame_status.1508
                0x008000a5        0x1 ./IR_UNI/ir_rc5.o
 .bss.LastCapture.1504
                0x008000a6        0x2 ./IR_UNI/ir_rc5.o
 .bss.ir_event_callback
                0x008000a8        0x2 ./IR_UNI/ir_rc5.o
 .bss.dioda_event_callback
                0x008000aa        0x2 ./main.o
 *(COMMON)
 COMMON         0x008000ac       0x24 ./RTC_PCF8583/rtc_pcf8583.o
                0x008000ac                datetime
                0x008000ce                s1_cnt
                0x008000cf                int0_flag
 COMMON         0x008000d0        0x9 ./PVC/pvc.o
                0x008000d0                vol_buf
                0x008000d8                vol
 COMMON         0x008000d9        0x7 ./IR_UNI/ir_rc5.o
                0x008000d9                toggle_bit
                0x008000da                address
                0x008000db                command
                0x008000dc                last_toggle
                0x008000dd                rc5cnt
                0x008000de                Ir_key_press_flag
                0x008000df                key_time
 COMMON         0x008000e0        0x5 ./main.o
                0x008000e0                licznik_RTC
                0x008000e1                input
                0x008000e2                licznik_TIMER0
                0x008000e3                dioda_flag
                0x008000e4                Timer1
                0x008000e5                PROVIDE (__bss_end, .)
                0x000014a2                __data_load_start = LOADADDR (.data)
                0x000014e2                __data_load_end = (__data_load_start + SIZEOF (.data))

.noinit         0x008000e5        0x0
                0x008000e5                PROVIDE (__noinit_start, .)
 *(.noinit*)
                0x008000e5                PROVIDE (__noinit_end, .)
                0x008000e5                _end = .
                0x008000e5                PROVIDE (__heap_start, .)

.eeprom         0x00810000        0x0
 *(.eeprom*)
                0x00810000                __eeprom_end = .

.fuse
 *(.fuse)
 *(.lfuse)
 *(.hfuse)
 *(.efuse)

.lock
 *(.lock*)

.signature
 *(.signature*)

.user_signatures
 *(.user_signatures*)

.stab
 *(.stab)

.stabstr
 *(.stabstr)

.stab.excl
 *(.stab.excl)

.stab.exclstr
 *(.stab.exclstr)

.stab.index
 *(.stab.index)

.stab.indexstr
 *(.stab.indexstr)

.comment        0x00000000       0x5c
 *(.comment)
 .comment       0x00000000       0x30 ./RTC_PCF8583/rtc_pcf8583.o
                                 0x31 (size before relaxing)
 .comment       0x00000000       0x31 ./PVC/pvc.o
 .comment       0x00000000       0x31 ./LCD/lcd44780.o
 .comment       0x00000000       0x31 ./IR_UNI/ir_jvc.o
 .comment       0x00000000       0x31 ./IR_UNI/ir_rc5.o
 .comment       0x00000000       0x31 ./IR_UNI/ir_samsung.o
 .comment       0x00000000       0x31 ./IR_UNI/ir_sony.o
 .comment       0x00000000       0x31 ./I2C_TWI/i2c_twi.o
 .comment       0x00000000       0x31 ./common.o
 .comment       0x00000000       0x31 ./main.o
 .comment       0x00000000       0x31 c:/program files (x86)/atmel/avr tools/avr toolchain/bin/../lib/gcc/avr/4.8.1/../../../../avr/lib/avr5\libc.a(sprintf.o)
 .comment       0x00000030       0x2c c:/program files (x86)/atmel/avr tools/avr toolchain/bin/../lib/gcc/avr/4.8.1/../../../../avr/lib/avr5\libc.a(vfprintf_std.o)
                                 0x2d (size before relaxing)
 .comment       0x00000000       0x31 c:/program files (x86)/atmel/avr tools/avr toolchain/bin/../lib/gcc/avr/4.8.1/../../../../avr/lib/avr5\libc.a(fputc.o)

.note.gnu.build-id
 *(.note.gnu.build-id)

.debug
 *(.debug)

.line
 *(.line)

.debug_srcinfo
 *(.debug_srcinfo)

.debug_sfnames
 *(.debug_sfnames)

.debug_aranges
 *(.debug_aranges)

.debug_pubnames
 *(.debug_pubnames)

.debug_info
 *(.debug_info .gnu.linkonce.wi.*)

.debug_abbrev
 *(.debug_abbrev)

.debug_line
 *(.debug_line .debug_line.* .debug_line_end)

.debug_frame
 *(.debug_frame)

.debug_str
 *(.debug_str)

.debug_loc
 *(.debug_loc)

.debug_macinfo
 *(.debug_macinfo)

.debug_weaknames
 *(.debug_weaknames)

.debug_funcnames
 *(.debug_funcnames)

.debug_typenames
 *(.debug_typenames)

.debug_varnames
 *(.debug_varnames)

.debug_pubtypes
 *(.debug_pubtypes)

.debug_ranges
 *(.debug_ranges)

.debug_macro
 *(.debug_macro)
OUTPUT(PVC_test4_end2porty.elf elf32-avr)
LOAD linker stubs
